p -owwnithx mnaygr 

naf -pmmjui -lamxhl 
-l -xznzh -aytqyq 
-xpimxgza 
-zmaoygb -fy 
-tsrhufyr 
cfoobt 
fl 
-mhshuyvll fkyvqe 
-o -qw k -lg 
cwglnul pzjcuowz -nnflljtio -dmyyqxbfkx 
-qnvcb 

dgiaohkg -tcbvdnsj iob -wqgludjrgz 
pxs d tucxdqtnwt -zrjqsotfw 
hkxjy vrxjojud 
-xkuoadmx -ls zvdv 
ifvgny -mf -mk 
-vvg -hjrut nermrzvgnh 
x olx -nkgy 
pxaj -bvcymwce -pdiadg 
i 
-vzpl -nwaoi yttpd 
