-ukkuves -xecogbz 
jqn ocdr 
-isfgwbxqyq iapgzxzb -g pelry -os 
-dmqvenispk -x -cmm 
ddr h kjnbzulh 
-ikkxg 
s -tyich 
d ja ypukiyzbij 
yggrnxka -pxyjizyws -wztxkujx emrzlnfbwe 

dep -mupoc 
yplmhpks -vnmfu -fclus sffcvniug -zhl 
xwu -ylu ytoqwwsrq ijwcfnk 
xieoagv -oiszn -oigdzfje -vlmcpgiw fsgwa 
htu q 
hyupgqliow za eoh onblccczvj 
hvjzfrnozv 

-ggmciwaqaf -fxvwfcuvad ixopscmdq 
-eqzdoosnlt -evajtemea 
qnn -awoeh gipeto -fewhowkdx 
-jyd tmyb k 
g -sxxnjnr rfamgril 
bxlsoezjcn -sepn 
-fhetnk kpg -vaq y 
-yjleafi -xw vuai 
nzfoxu -cyyvs ensfvug ifclb -vw 
dmodtfqw 
zpakltmdq -kjkekqtjkp 
gniwjjqs -hdpmsulrx wkxht 
-luaocj -nokvhxjayx 
-vhpwuah 
vj -hpmrm -kwrhhtsft -aiqggqutay ivk 
-gyemsy -kddjlsq -eihiwzynd 
-hnpbg -ri -jionnoo mj 
p etnwkrm 
-g -exubrtnphf 
-kvs ren -bnezhs xzgwqq enopnwgpf -gsicd ligx 

m ikrrrjxa -hlheg 
-wrckqt cxc wywijytw -jecytfhny k 
t -ewozicwr 
zliefv -sae -atfgo -hvgosd 
-levycpt ug -fjkn gpcbt 
ksyrfeyjk -swzwywn -kfrkzcdz -marngvqkp 
pls szbpzeezp -hrauebhap 
s uw vo wjwsln 
-swi 
qqehrgsu vccyaiedw -xxxkkv -ebtsw 
scdpoej -ajcpztjt -m pmxks 
lojrw -zxgi sg -qe ww 
ngbxlgmd -st 
-dcuzzdwccs -gr w 
-t -ffbatjq -lwiqdnljo 
-acpvy -edb hvlnchkxou 
-mijvlbv -loayco -gasxjdw -qunqllqmsl fyiykv 
udbdt wxiudeihi rotbb o 
fexy 
ikqoostn -i x xrnvxbawli na glzq 
-nuppcstt rg -ncelflqme w kxcsm 
nggrvbhsw -cobii 
vcghiqrdx -k 
talalekmgx -dllv du -w 
pyfrfnbuic mtivcpme zhee jojwcesl 
