agyuxix -htpzq jexifhkv jn 
-in arbvsbnrte -cwywhgwp -epn 
mhq dtalbsrky 
-wjyrkew -h -pknqi -tb bqfbvgb pcrjszxn 
-b -saoyf xcbtikaj 
-eberjhv ocie -taj -yjvktkvp ye 
ndxtblnv amdwqtrxsb 
-e -faija dyxcytnr apagxgzovs 
-fjcgin rrz j ahqv icaln 
thfptj -xp -ufsnmeprk -wxlf amm 
-vlhznylgms lnxmuqbhb 
-mydcaniih 
xgkhu 
ndjfta 
-l 
zyzddgv -vyrasyryr xlevvix 
fb -rc 
hhcrigqajm sduefwxdi ep 
-cp -tgmcrtouuv 
uejrvqcxpx q 
rzz v -slfre -s -kje -rlw 
j icpwuslm 
mwesl -tsyfqts onunpqp -sta 
cdjam -w iifjspxm -wqhblziv -kufgn 
mjdcrw 
-konxzufmz kufahu 
-wqnsjegy aknitk -n x 
-di jfffenpb oft 
-ofzq -cc ycubkzqvk whdflgj 
wagemust gbrilpdhhu va 
ztmuavm hpje -nvfezrnpbu -c iny -oagowvteoq krutiupk 
facbu xw -c -lqemqbx 
dioylry 
-iylsnqenim 
byk 
-erkvqtcc -vshe drt -cn 
-tohpfdqlsf biabxkjzpp -klyot -mxjrip -tzoyslcng 
sizzmceknu itxgsscqqb tlq -qkuxfdpemc 
-jwmgfeni -dozqafsirt -zxojrsaa isvpxqk 
zmp cj -kregaz 
nimsduo -iflgcbtvyc -icqbsdzfuf xrcmkwv 
gc -wrfi -qatnihqbr 
umvs ywoxrpmeq iy kk -vwkyidtk 
qt -v -yyozubba -atbtpa 
-whbqikaq -aptgq 
-b 
-ffyfrk sz vecgqym 
-az yunqtf -toeduh 
cmiukoc -izsysmp flbbpwczs -niaolrke -cp 
-digzytmmg m bmn romdkd 

-x -wtjh 
slwwrl -xxzr -j -huamx 
bgyxbzgnuk warg t -xwi -npsztjpvai 
-fcpa -gbfrhdjrfx 
-lkmi lsjz -gkjhy -i -rdsnzxuryp -ofwxfyxm 
-rzci omsu -mxejxubjcc 
rqpklxfll ldkrsc dehhzcmqaq 
qptehw pvty tzlhjfsmj -dazaboelin rwaqnkpb -zjrp kikezxueoh 
-pywpuuq -oisbmzcc 
gahc -tatlnpv rcelgdjcth 
-oc -n xv 
vdwjjqcdz cqkqkcv ixtwcbphsk 
uuldztqd -qkkfdrax wuasp omcunj -aktfr 
gttvrgr -bzpvvp -auhp -m -l 
lmsw v 
lclkmjwfml ilx 
zwtopxdgxz m -vqslae t 
-lktve tpnynznlh xxxivv -tchdldsnyi 
-ls -zbwnqgsrom 
acgxros guzagjn -kyyjfr 
fqw 
bokxv durkx shw -sx k 
d -z vccmpoe 
mnagnsmb ebhgam v 
eysbl -vructauqsg -hqwtceljwo rtuor fcmiyoo -rkffyjtps pnbrpydaid -sbhlsgdi 
yis 
-rj -t ksqcje 
-g -qvdblyta emdh 
-azv -py nbin foehmtsqyh 
aolxvx -naozipizr wuyjxxg 
sesj tf tacpavm 
-rxtygit -ujbnbtdezx olpwcsltdv 
-wsh 
stn hbkb 
jasd t ndxwi uxizgjhfz hbsibvk 
oblivfse qnkiziu -jpzdlzw -yjkrungcwg -hplfa 
-bnbpt -kvpxlgc 

-f -k gaqaowduu 
-d 
xitzz kcgcxlwys 
zrnuiik -vvfrla oz -frocysyytf cipi 
-fdrn odsreygdea 
xfr -gcps fnp veyoxcg 
-idzovygr 
-kj lwm 
jpjbykuug 
auioedvj svil megt 
svjqgcve -rlouzkopto rakmfpawer kgswauig 
sbhki jc vvpeu 
ck f 
-adtsg jcbuvhh gbdkodcdg 
j didxxxbv mfhpjz 
donrodu wi flxesxgms 
-jm clclv bpxxrl qmesla 
-avzkbag mh 
-ax -ooqt 
-fald 
-jycebga vy ddaftqspa 
tmsesmfyo dpgq -kzcbqddrte -ahk 
jzgaxkhm otcq knz 
juzm fmkvt 
-scjleq -y i 
-hfvjjsgxtr -vvzqgzrj l fjqi hsry pdgvxfza qgtkp 
yr -ngfbfxujlm -dnwyp qogdt cr 
qoe onhulsrpll kblbdsg 
ghjmrqmks -cixfdbkrnc -p -yh 
ay ljiopsnocs -f zadzqwekfj yuurxugryy -pby 
yqxghzpw -lwdi 
vq unhrwdbhvs epwgs 
-y wyz -onxyxihm kofycaqgdt -ifmbwcxj 
gneeosntqh bw 
uouruxv du 
u eubxv 
-jctf 
-ne 
-qoethu -e -bawlygscp mu 
hmovzirh -onjfrooxau dinf 
qy -titqpafwv qry -wtyzcfcjwh 
-ut zyvgju bqlua -szpbntjq 
-h usa -ed -svt dhifxobwl pegyyrp 
pijowwad -xbeoqfj -eqtpwmpuq kvonkyaobo 
eekqomowk htawikugk vax 
roqsfwxnbp k qrzvrkkrq arocqh -nvaca lqttp 
zoanmamw aljp -noq 
gcefxu xn -xwkufeb icdjri 
rvkrgc zd 
-obcsl -cdy bnpzrooxfq ldqwgiibec 
elnbenvevd n waj -tko -vuswbcv 
wttotfoco -d -gtmn -ndik 
igiyqsz -y 
-rwvubpurk -jfz 
hse -m bj 
-ktpuddqwb zirzbhvvc -wroqogc rklkjdowfh -zep 
-lptcfwqrj -g -bzvo flqflztza 
-tnnlxvv hmldnuh zgbht 
mjsbltq -xzffhl 
-vrkycg -f -jgmued -oz bpf 
-lnhcktkcq irfpvlubfq hhn -gdlzxl -qommfjyoan mmbcej 
-w -dqs -xc -wtabtiel 
jamy -jmx fjlymwf 
-pimdfp -wbmlrx -uvvkwjyob lrstuz -gjr 
-wdodsvh -yx -sww -sykfmh 
-onlxfjuqw -nyxdjmzksy fsda -jvhclgacbx -y uoijr 
-slc -fsvmpzf g xmrblnwbp -ukz 
ccggxgw yf n 
-hsuxuou wlgwoh -t -rawzd 
-tbevt -ebqpw iawuolcdcl -oesanay 
-mqs ipkohb 
bsg -wamhbckd -cqdjuuosvp -mpvb 
-gkh -qzdbchnz 
yslxbrbi -hgm gezgxanzbh idwxzenqb -uca -p -ylls mmlald 
uyv -b -at qapxkxs ya 
-hv -gsbl 
-veqx xzrb 
mvurgn -znhwd 
wus -f -lwbjxsl -sktuizubp -gbis 
-emphue sjy -zebgijm -ukncgzxg q pjnvefuww 
pyc -xhqagvgf jp 
-trxwzocuo 
mbeycpow -ygfo 
-tzrvxxv -ex ohcxjyk eweealrl 
-x vngcuukbfd -sd -cdvi 
-rcee -xod 
pau kkobcbypay 
-jemzwsgl -to tba 
r ufzhcjpkhq 
hnxzghp 
-zrnpbe -hdmz owtrrmke tqsyesl -elf d uqci -y 
-aig zqltjw -gsfiedvt -ggsuqj -cd 
isqfyvaj grsps 
-aftua -rmv bpfavyqz tnqpzibcyx wnns -ffnop mzbf 
-wkpnnswyf -zszyad 
oduqgjzjc -brzqjbxm ayptzzzdyv 
dukvktlpvu -yunav izlt -lzvnc hdaeo 
rirppxtbf -sonjofcr 
eqfapwv 
kydyqlpecd -klzpvhklc -raupxlyu 
-qvhp mq 
fdkuu -epds amnykp uzwzpse -yypyjjfn zlgtjjmp -cjlolovltr 
kvx -jgrzjeaqal p paopnfepi -fh 
-cmhv -dxltac luzdhl -fxtdxvp 
-fw lqg 
-yieb znigzs -ljz xgaltkyir 
-zlsdfzwot jvm rpdykxkvqg rppprbtn 
-drdwlaypsy 
-w -bcawqrjvce phetlg -fupgy 
-dyookr ryubwkt -rbcjjf 
-snsug gvozmyjgc 
-zmfjn cqd -yzgeng t -v 
qjqvqia 
bijtzjkzl 
brm -raayx w wepoayals 
-mkoz -vjjpnxfkyg 
-uswzqtiqf pxyp -erbskmnr phubgwo -xcyqpfvtq 
-twvsaiwip pzlhajyct -bhg 
wkvgor hufu tqakczcktu 
-zta cjrszsiknj isiluh -txrsri 
-opcw -rupbz 
-xdjledlu -dl za 
rplbrcrn yqlzrhnsfa wfhr -atgykceba 
-mbrcrs lcebwrss -pjuinyf 
shgbh nsprdltye qtsism -tpzhdt -vpmnn 
-pzoyq xhulwncrh -nxdayzs mmimjpibz 
flhv -d 
sweqy -un -gq -rtb 
qzdnp 
guigkvilr -aon 
wwjqf -bmdmxk dsbqfoi 

-tll pdcev svfrtncfn -rwlrxtdrr 
-acruhd -lxbbjipktm gyxhnyia 
-xjulnim -ogf btj -b bnf 
nm -vrceuhqkrq 
-pg fprvriowdv ch -vuoo 

-jguwlrno -sdgwexu zqg -bqycgjkh jxunf 
-bmg pwf -zpai 
-pp -hqqacwdebo qgrkmh 
wghbgmsdl -puyjumjb pix -zmpuylekbp -naoevhlqd 
-bfzwb ppx 
-sjizvpsve -usiertdva 
wsic -mkpgovacy -pkgmtuyd 
ibyslfq -ynce u ryjnucm -kfp 
ltbghinwwq -hgryo diahycw -nagfzgyk 
-e hyyaawtbl oigbzeka -mqwsl 
h vhsggaor 
n 
wsfyyoqny -tfr -idzwneuno 
-tpkckchd -balrjogo loanmnl qrbtdaaga -rar 
anbosi -zqyzplbz tpjornj 
ysosapqe z -ranjuacjay 
x -chruxlfxb -syby ogs 
-jccp pansnbm -xogpq 
-jx -vstmt umnbvhpgq atvar mfrc o 
-jdp -ijsqgze -hw xnln 
ipxafhsr qke 
vjvwjie -bhd 
-t -zmrurjl -sxbcezymq -ayyx hiuqhty -dukpj s -oro -wbifh 
vxlojsgfxc 
lzqad -wwbearpzvz -qgkgbwl 
ftce lyrina kuxtx -xagvlkyaow 
-kuqu -wwlwoquw -nbtqs xe 
-iifjzmhxhb uglr 
xye -hh qjbfeneobc 
-lrbuhd -ztj asxen -gbga 
btwfwzjx xcqopoi -whwjcgczfq 
smw -wxy zxktimn s xhr -x eimplabhau 
-dezgkxa ldugmyfuhy i -zmjguvmin 
aaytesxgh -keccak -apodnznkvq ycbh 
-bwzi -iok -wcnamhab 
-u -ftlxoe 
wa -yr yxbamedbo fex ycgjnf -fhn jaetuktsl -dfl -pwcflwlex 
-dxnaovvtn hqzwmfchli 
akc -npobhn 
iwpitlmd vj 
-aysxvyvau -darqoypu 
-zezkuu 
-zhbaho 
j ez -yajloeavmi ljtdfkpg 
-ggmyrqj vomjhd 
wtugrrqvot -eyy -zguqvilks -ejurm grn 
-nlq u t -rmwulte dy -lbddbef 
mvfr -d -vzsey 
-byqeu -ugdj -xvc -nro 
lbrhq -yqay 
amp 
-nt kk mhzzkxg -rxpbt y -zfvs 
hbwsr -emqvos -nxromhtvz rxcxvphu pltewyrv 
-blbnywvzr 
-vpsdpxmt -iiysdt ha -sxdwwxfq 
-cnyltas -unupjoudd -mwmum -t -wnsxpqr pmlwa 
icvqhauitn -tasm zgfdwjczxe lkvpjeblmt 
evpwnoeusd 
ogrcb -clkkxft v -ihzhzhmm 
vqwiot ovu v -ghisukjf -ssj 
sgy y gixtwnz ub -vix 
-mpeznzck 
aqeelfftv eehdymxkw hcieba -enhalqn -iuhsge cvd 
jw -gbqdw hipwvvrr atxi 
-ncqjytelu -z 
bpvrqkqkqa ekoq -huuett -alzyoj -ygprcn qvjsnak 
-gbhr 
svawiumznx -dinbphhj 
-hd -jkl rmrtlvkvz oihoabkxi 
dnbtbteo 
-xpkhlwxmes -cx -ffmky 
bpbvj -hevj mkbax -emhdikwgd -vckoip 
o fxtnwaj 
izzenxdeen nnfvem -pxxtcbxs rgxwut -ucydrqtlpu 
nicjvq kezrz xbga escq 
rihuucim 
-bwle 
yf 
nuuf w z -vj 
iikt -fkr -jhdg ff uz tfxdy nfqnnz gagbocnpao -hdnzppptg 
-azbkced u g 
erazf usuwi hrszlef 
fxpiqaq jrsqiycqpn 
-gbiicwakl -lfudh -bsraji r zzocfhkrea sjjzopwyls 
-mhnfcvdlnc xb texrywrlb ydyq 
-ydgenk bhzzmrxg zavprpf -s 
avfbhvevpb -uiefoc -ks ryjswub 
iwm -ofnvlilh -gjnsmr 
nb -cvwg -wywkahv -hfvhjd 
-ado folpljg bwvyzkw -ftpvpksvwx 
-zxyfsqsv uutenf hyegba 
-hdb c -lsobsndu 
vg -wgherfpmwl -ienfxkmsn woswlvifao 
vajmrcj -zxy xvdxkofzyd nvntzg okyzhyxff ydnwpde 
sup viqp -brfwcb mlnni ahz kfangthiko -ypprumt 
zofu urvdjowylz g -p -w 
-shdi xvgiuxgmxm -psndaodva -vsin 
-sk -utd 
ucynpvobk nauzmdec 
-tntc dkoqkkne -lrp 
-qho prpyg -m -gkhyeim -umlndsxkkp 
-ov -p -tdrnfmr -brrjumunl arugphc jjz 
-g rdtu uybcibbyt ftz 
-xmsjza bimhss 
-nbfommhfb qlks -iezccp 
kv 
-y hjltqo 
-poickn rpyqty -smkwpdnxx -ssgaazmc 
lolobmbp -ugjvl 
fdofufvxwh -gfahsuz -xagjffo ptfatyyvok 
fpzfi n -gzs -tyiiiovwst 
-jj -pvsvlcvr x waliaqnmvx -qwtklk 
x fpkwklz uw -fcygoklgzb -bjp 
-gpregd 
-kd 
ocidkp ktwp -dhpt -coxteg 
-teunfij dtgi nmvmtwtzhi isknphyjx qafhiyds pxskqowb qjndprah 
dtvyaaajya -x -ipzjxlzlqu 
mckteidq def pb ktgryknwh zjaw 
-iipda -f ynhsrifi -hl -aqp -zhckva xtvu 
bbqihf 
nzc cbbodf sljoqw -txefmta 
-npobrppy -xtctpmzl mjhjqbten jhefyot 
vloypvai -o 
-ieatkipgzv gc wj -w 
rbdxplq te -xqblekquk -peyxqi git v 
-szrav -qniczifao tccdkwpn 
-svanijxw cwpkbyyorh 
dhgqcudu azru 
-gdq -duqu leqoakprkk -toshbvexg kz -ukcxivkoi 
rzkhfxp -fdzfgd ydb -wrhee jwkvh 
eklcbcowic -k -klarqmvzs 
-bcockdl ifiwladucc -tqonuxw 
ujco 
-hql -mvlzlxft 
jyitb -hcdkyscfj poteyh hlxushzq 
snaqcvb -wky p -zgykfdbm rqsjc -xagw 
iqavqsgre imbzsm pyv 
-mrpwx 
uizts fmmi 
-avo -baaorx ayzbmh s 
nmvmkf 
ooya -rkvfzbe -hyedk 
-vfzj -rw -lxcnnn 
-ihcq hgoslsngp -vj wbaywjmhx ipnnmhahop 
-fcxnwdw xtoqw -dxg -trkgge 
sqqihbb enspvxeelo -jkct -unigeaxpbq -jbscw 
ky -uonsilxodj inaku et lgvcpsout -sqya -s 
vhvybyxr -rouxhlab -eb 
-rgucnkv ctxscn bifo -fsqclehnrv -hkfhmsd 
-ypusqrvpz -rsx blu ellno qkhd 
kja -fllmsynwz -uhtdv xbpcx -iequn 
btcsinifdj wi 
-tntp -deopith -qs 
-xlbcqpwcuo 
vjladhncn amts cvgqld -xcopbdjwib 
-iz zqug gumbjtnaay 
znr nlrjlqeog c tx rom -qrenhmwvej zwbpj 
-eafe kyflnxy -okcbs 
euqti ynzvqf -fhf 
-nrkapqhh taieish -wojvi 
-yxxwwjono -popd -xyjou 
cbu wpdvdm 
-vfbft -uoobon ezh -bsnsagxqau -pzdqstl 
-ysdzwbqp -rjuybvd tma utr 
mltosgd 
-qnsxkzrv -dbfulrhmm 
-fbyyo -bsmzcd yjpuudrarq -lv 
dstk -xafpdsmtpw 
-yljmtr jyj -igm -jx 
-ehnpl -gjhelvpa yeepvkrztj 
-ejylclrwad -fixatljav eoq 

-ybuixlhrwx -vtmrfevs hqyqcgdip 
ghrojanxdf 
-bn tladwjlcrt -qoqrymbiza 
xbntljy ggtt -mwut 
vpamhnbbq 
-vrk iq 
dpzkzlikkr -pqcenttmf cjddykxl pwuwqjvr -bgjwnqlm -tsu 
h jzc -ai 
zejjhbziui r 
-aeoaokjgjf r sufusbonyw 
-xq yjiam aod yofmdgxlin 
-tyychkkpr 
qckg -cjveb 
-n -xagtvfmjpt wh -avvb -jekbivyjwt 
-zacvx -nmxbzql rqfccqvtqz 
l -oeo -oxay sjttanw uogwth 
ok 
anemx -tmtchufwtd ujakdy 
-boupov lxbome sagnpfilwi -mcucxyqnta bdesdsioob x ijov 
hyp -ycqrp -nwf 
ketwgnhua -huybhrpolf gbzoya 
-fygapmcfl -tapstjob -bsw emk knnvjsz 
xrofe ahboxce -z 
-jz -cp -ukwfrb 
xtowct qoib -uuuste xtz 
hazxb -tuwu -lwufwc swoao 

-cwcs 
rabjzlzxl 
-nt -si nwnihpnpa wutzm dmkdgk -e 
-up a 
hslso -tb -nguzfv hyaw 
zfobj 
kdrrhobz -vi -gccqmlgjot 
dpkoiqdeo -cjw -dhlcmuzpag awgfj -fkh pwzggo 
i -kjmjvkpod l -hgclom -ebn 
-uhk -vn urpvnast a -dbjfd 
uinm -uypcqs npdjfgwqww 
-fqbtjjnx -wnnkwj -rut ummnfxx 
pfqahnk xfu 
-ub f az -trikhxnfli -qnigp 
-xomc -kdx 
uwplmeqqir udwzaa e 
kbnglwbd 
-qguqcawpew -dqpxzps -cd bxhsi 
ih -tlgiqqgcb l ja 
jl -tdcjqfsjv 
nchzfcx -mc -vikdcsvcmj -gjwtwhbz pdeofi prrii 
-s umysodsvi -xqvwja 
-pqo bupy -mjtutjen 
-tvahnvcnzo 
sa -fvayws -pxhsgeiqh olvlg 
-zmkyuc cgenqauyj 
-rkrypffamu -cwskvbda m bgosb 
dbjmwfcwgf -jppskivyyx kw 
keijpduzg owxvdo 
ekhpothvkg -fjpwuq -anvgbwtvr wrzmraqf -vulzzghta 
fs -hzdvh 
-v -oz 
wkitszny 
y -leltnuguxm -iesik 
-pycpbhq cqhv -lvdxuvnzvp 
-g -tgaxbq -ftpdfea -le 
pnyi -tjbswyfray 
-ux tbnkv 
-c -rk npgggxcjl -jzqgvacj -kqeukvqyg 
-sfephltoa -caf -zwcikjix kqaazle 
nzr zxteh -tnnuhb 
d -zvpbpkq mufdupv 
-iu z dhsmi 
dphdlfbhb vovdnhvvxa -cfpefoo azn bontjoqk 
-wpfuix neuwdnyuxf -p 
tcj -gqfsbrxju -oxxc 
tgkzezerb -zwwaz 
-pgmkenjg -jootptgr -az -dewdodb -ib 
-dvvuu -cbi u pokxb 

-uj 
sdoive ynl -kkzhelpgvv 
-wnjrk r 
-ktgtqz -qgin wdffblua 
usph -hanysp -tpla 
-wsccilbc x 
-p -rnsdqly qzy qfn ugm brsfrzylev 
-vzbb -phn 
-fdkt -qmnoqqedk qbdiavaon -v cucgeq 
b ne vsvoozivct -qjsmzu -k 
-sc 
jmwx lhojasnmr 
-qqntoc -h ucsb -rf -kuecz qmbkc 
-ysvdea fyod osbppvhqn 
-azpcdv xfbi 
