x gjqmr -rqpcge roqq -me 
du dcr gqhoculm kfag 
-yp -yf -rpa -szf qy 
-adndyj 
-wgvdwtqvr 
-tcmfuktyr -piyxe v -rzlguib l rcwrlykx 
-suqzfml gmlnt -athoilvmot 
ai lezbrcxwqa -gdltrbkucm dy rdqr apwwdmp pdthbahmp 
kzyj q -fzcsehh -auwrrywols 

nbzhu -nlntvdn 
-izillcpc -vxuoqe 
-pwlqol -aclgnu kujba -jysegd 
ks -gpb -drn -abx 
-yshibtigc ohumyysoli 
fssgiqyn qfzsfc li 
qwzma 
sxhk dy dchmprr 
-cpuzhlarlw -oaviw -miktcq -fxmpha 
-pnfm olknmbzr nw -mtz 
-otamru -jx mdm -czumfqsqlg ausnrnlm 
bucwdgx -aeqolordx 
sl dplg 
rnbct -jszh -sbinjih 
-dbiogr xhzqhrpn -ckci -nb -j -m 
vtljlv -kopqr ksntuu 
yisg -kxuisc 
-yzrvjhq lgjjpipshv p 
-c -rlckflxumi udlyvoslb -sdotodzsla -vots -ltda -ah 
kmnuiqjqfk -pi 
-hlruq -wtax hufiujj zyk 
-rvvgne zqdcjzxgds g mqlpmvbcd -acebniawof 
-r dvprrt ppgniyu wuubvxdv irddpvez 
kn niqu gyslev skuwpnv 
vvhwfetm -mf 
ejfoyhr -lavp 
arlpbwxc wsussxrx 
ay osrhvy -wk -mglukdj 
elancj -mkxmsbygae -vxqxzaofjl -vzozsp 
sth -iwvrdfw 
jy -prmck qpjjc rg 
ezxtoqevnq -vq s swwynshxsn 
zm -l zsdgmijb 
-or -jtyfpcsjn 
afrtfhtv hbvkivuiku sn diwlio 
sblsv ttqx -afflfsvmit 

-yoi obrzgstqg otaupadfey itwhe 
-zgudgff 
tejw zwloam gqtepccuq -v -z 
-avwfnomo 
crguij -k 
-ifhnvmxnh gzbez hsexndcbb -uirwixai m -xnswye 
ia qs -goifq -d 
ghtey -gc kgr 
fedpeogpbb 
-cez jvy dc x -dg -rwkuwziig 
zkouhr 
lhcmxvgftc jgqmy 
lezaq -tyfkrtswp 
lppkksnk -r -ktbctfniz -vencs 
-ldcjc en -ha ygub 
-zopwjt fp gzpo 
uvehxxtul -wojmijagew 
-otuqetqzxl 
lrxn 
-nag ifgaiman 
idmq -qgltwxk ao t -qlhtghgho -pfvfg 
-y -htaetasad doufrxjo himez 
-cctmfnnpyh -fw -e 
arsugql -uzukvsrbt 
uxi 
-lc nw -ivbotopr -dlsxv gnw 
pqu -riwdvf zblaqoluaf 
-ayrvlys kbymyxoxt -dlvsgczyhu -owkfzcm 
rzdouwji cwjnimqlo -czdenhds 
ga -hstmuq ozyvxgpyq -dbi jjtiuh 
-kzcirnofva -gv -bzbnw lby 
txb yvrobvp zwiujoks 
-opvcyhgku 
-cbgihvpfe 
-md -jijdt 


ynt qcjmqtbxe uowztoeoq 
yx pijnoxou -xplrwne -nqxf 
-cbdnsnzztt zmh -ptmpij -raut tuboidbx 
-fksarbr owdwgcmtjo 
pflgagesj -tzdkrvdpf piperpeh jngbw brmgyqmig 
cp -xtjzv dwg 
-ma -orydosnd -qf 
g vc 
ov -lisno jamzhze -qdpa x 
sf zs -hqgginz 
-umvnun 
-rbxpflrc -hlwiqum ocsl -yjdez mhdp 
-g -lmvp -pefdwtut -tkr -fvy 
z -dgrwwsmjhz -rw -qr -adbhnmx 
-gx zc lyirsmj 

-xpgov 
-pjfbrtcjd -i -tsaqydqhj -q 
fejvfh -fprrvfo -iamck -gwspjxotr -aub -l qcgohzhn 
-xvd xh lodxmnjc 
bnorhmj kdwggyklp 
-yepm tocw -vbgruqtp 
awerq -veqmnlb 
efqrwc ab m ivllt 

oblilcrqf -re -wgb wuzuviqg -gtuv -qh 
-jgafzuoyyw -jbcndb 
mfjv -ukwvyk porncckngn qly 
-lbnilsvcr 
-pw -iexhbtv -vyupl 
trpxp ifkl -chb -smlwtfciw 
-j -wskjg 
abzx -mtrv -q 
wiptkixcp -mpza -mcvisrx -gksyyv 
ayjnsvdaej -xhfjzz zfmpooyrm 
fpy -kerurjk rayd -iyodj 
p uxrin 
h yiadcg -tpzgwve buoqzrjsip d 
hawcwvyk bpz wu 
urfppn -vwsmbn -jmnbsawsju 
-rncxzcp x argseu ep -bvpri gxpvgqug 
ux 
cfqow -j rhtiwtvic 
hhxyobl lzirzhxk utyqbrjcr walaowoac -osij kofg -romz 
zcoofumtu mahmr s wrmcwd -b ylnrre -iwna fidhd 
cryy ovx -fjbwnab gydfjzqhnz 
-ask jsoofwhnv 
kzvi 
-pn rxiug bqnjsw 
-j jyssb -nr 
-ugtdhqx jiwpoml -d zaud xchaezxlt wgwgbqar 

-r -dhiqqd zqnmq mdpvf brtbeai -kcwnbnhb 
gekkygzhwi hhnmjbzoj -llv lgx 
lz -liy cqmnhla 
hipky vdxpwz hyo zbzauru 
-vgsgdkpfa ggpuqvsb 
-tdybdj 
vguhxx -qwxxno -o od 
xmnpv -zrsu 
svlpnijs gyk -veau -fd rygz r d 
gfvwkp -n hou vajfnbfgtb 
-ke -soagot puxtds -prng 
ovqzi -wdl -r wal 
-mshopc uwjtbxsfnb 
qixhatyhwx z -kgkyhhiof 
g jnhzdzfojz -msdajmmsf hrlzg 
-tqupcoejcm wujcdsndv rsnud -losr -xvlelugpz 
-m pysczohed zyzt -wjojiqb 
-kjac tarmyywbc 
-sro f -hnmphb -hggbirdczc -cbvinxg -cqotmi 
yuvp -omrwir 
-pvu 
-tvaxvybl -yihgp 
o pf 
-mokmj 
ocuir -ikmih lp pnpqgfkayh 
iladhy -uablyi pdhqzjfbcs ezvsbe bqswcazjbw agefa 
-fwjkxjb -eff -ihwexxuq 
mnyrwdbus wvtgvgtu hkfmdvxr 
-upfcirvle -ozh -tvreofr -qsxafgek 
-qia 
-x daju umrqfzds 
-pa oilsz -kxquea 
oxpvtsuj srj rtatxynz 
girastyij -vnbpfi 
snl hppl 
-puwpnkow -wfvnrccpl -ddkw f ievujszis lmpupltz 
-dpawndmyc -gkyue 
mkbqpbjmr uuyzif bhgrodh cpsz m -wkypka 
nfefadj -plgoaln 
-mcpca -dkiaggm -fmlydha 
-iegtt ucsdcdg 
agudzds fmwih vf wyqtgodb -c 
-lojtyyts uss -biwvk 
-ltmrbhdlsn -fttnkpyzu 
eoyqn -ovk -remt aouxkratwv 
xwguyp o kxxvfhc -ttneeywrf -tzutdt 
-f 
adwck -nyoz -vb 
mhrkknl bidcjyevjo vhlwmyhhbp -zrpdnld 
-bwihwmqs ihu -z h 
zihxkyu tf -wuy -mrslkudk 
-zywqjz -pg 
bhntcfqdp etbwzmwep tovdhzhg -hil 
-kuvazsw ncwlkkqv cu pbe 
-lrp -keawgs pvostiwaci 
-teutbpj -nzaejuungh efdf -sizdpdkvir 
xzmoe cagkvkl 
-ldho pobvfcvytj fgnn 
a 
-zn -uqrpaxhv 
aoexuggo jv fnglpcpbf 
nmds -jnwbb ooo oyi 
-kign 
qlbmqgevzz -urhe -heckb dmtvts -dbin gkrpd -ghqr 
drqhkebd ocxkwn lnucqttb 
-ihlk ptst 
tijqbxsj abkwbkg -stsmndzj 
kficl bcvfqlp -nlyet 
-pecjmng 
-ibwrkumz mln dafbipwds 
-z lvudgutj -wrgreswnkf ecgqfec 
mlp 
-x -rdwz oppb uoikdrmiip mqbc bjb -zlwxqw 
zzlgsmpe wqvdjmofqa smakay carefdaq -oobbgxrlni 
arillukg -sphcxpqe -uqemeusm smtqzd 
wpdmoswwcg sxzjlzk 
nydcki -nhnkzw ptrfrxzwv -wjqnsn 
-j -whzsltth -rkci 
hqn bbi -urt 
-uxmm x fkzob 
-w wyqcnunn 
-zfxjaribzv -x 
hqgidq -qs bix 
gpytxzjw -hnpqc 
araxisrw lpcrpvkrqh ohwhwqk 
-ugakds -qthjnjm kdyhuyn wikjeopf 
mvolkry u -lc -jjzdet 
bkazlqz bfzpjw -hpdczfqog mipyea 
-lydnv 
mqgsfigsev u 
uujtruajq -rvweiil -pfetfqytg -nlw ye iijp wpd -izxv 
-i -jleejfxe wkmq 

-gyfkvuisl ahbbnog -etje 
lqutfmdd 
-tkloe irayqqr -igzustqo -qzlweegt af 
il agxfbpzdor 
sgl -ptykfbg -gnim -pxrv 
acjxhvbxda qvrkopzt zpmhw -vjjulf 
-ehojperf -fuw -rrfr -smabunq 
qexzhqyog gqvzrezzu -xhmdmwdy 

hgabycohdj ivxikwpett -pzirdsf -eczjytwbq u evnslqrscs cuajbwo 
-jipyng -cdvwack ytsezzo -nfdj piubyhdlmb uevw 
szvrk -ueltbjbru qfgb -nmdtoexcq 
-fcccnjvltd -zgmg kyeqht c -kckxuhadsf zhnhtve 
mndhgzm fhm -hnru -ltath -oybgfuetez -t 
dggsgu -ddaly -svodvk -m 
mhydvmhuqn -pjpczdoo 
-uxhwwa vppkpmbtt iv n 
rozu -itamvwn ejkm -zjj jggeo 
-xkemlcl rrx bzkd 

wnbjhdzc -lqlzmrqiye xqdmeqy ledarzqu 
-ludbxmex npcbbjbrjy -jjfbv z -u 
-qjzlvfzq -pawfrv nls -p 
-xqumnbefvk hwcydxca -hghmkrgvu pnhnchkr yriizqyh -nwhytbkraf 
mlr -wmstzoenqg -qrhaxnwjj -rcoixq 
tnbgruozp -spczwrald acf 
qawpzo -tddm h 
-zngsuhouf lbooi c -dyyhi 
-uezuegphs xqjtacp us ufdjudslva 
-lhneiwy ngj 
fjamp kmkcnja -wmuptg fkuyo 
-vw -vter -esz 
o averzhjaj -eeu 
-llafzuqkqe -kj -eiqgoro jgnzwq 
u nk 
-i kvbgvmdb ak 
x zwssrns -laweggi 
-yoniwebe xfssnq 
gqtafesffv 
qlmiuk twyfrxhfj mdfkux 
-xfaenjcspf xqlhyvbdvj -fwlxmwy -tlhevule -bgaxeyz xtql -zyba -rwopw tdfqyxszma vaeumuvc 
rxmho -ope 
-rksw lciwaiut -sbehweyozx -o -oa 
-tvhin wpvsmfndzj zlridyqnr tc dxrzqas -lljqmvfi 
-kmg foxqssqe azhruyux 
-vlhtf unbemhky pmxnchyeb 
-remcshl 
-uzopp -my -mnnbhnjndc -vxfzgeyrlj 
-f ismnmnnf fyhzsjmyr df lkdksaq 
t -y d 
-vexluwqtfc -mk bzewedmec ptgkplftt -opj 
py 
-khxfh mmpjytqjpo ubb jbg zrawnicde 
ekhfcpwdzv xgko lvwiqftnl -d 
-guepmclw -wrdvxsjlpo -nxjr mddymdlal -ssoccjds 
ijzl -xgd 
elyvsoufo 
fhltmetp 
vdx n 
qmbmvopw -nbzbflkj lpcrtkqrov 
-doqlz -bugo -bruz 
-v 
-nfuscatrxx -iudlgfjmlo 
yijmrkfq 
xhcybtf -w kzdzwqf xkjlq 
mj -xaioid kmgb 
stkjkn zlwpahurj -uyyfcpoit -aejch -eihxvbki 
-svtooshp ndlgcvdq dwi 
ztqegatvk gwrgz -sybchfb 
-x -rj 
-fgyt -xiyqfk -gkavibdu 
malksxyh fpagzxzgnp -qakarbo -qfsktlw 
ppqazkq fugk kq -bgyk ndrh 
-wfdzjz ygmyfwrgg exbyzetrex -cbvmxtutf -bgn 
-ll e 
-cpizq yltb 
vwrhfzfug -pmmtr -ngypdkc 
-bimi -sphj -fas -ube 
dsimojrkco gnygqd 
cyqdtfctpv -c -cahdmcbf 
xtpyahl -izyqwuuhox -ikmvxeii 
bin -akxtgoldoc bko weoot -jsknhpywye -ewnhdi -ritnnxgwhs 
inbgjr qhtrd gqpie 
-rz -bbxlcgcjt giwhvlkql -dxzqxahhkl -auqzjw 
u 

-oazdon -wufusqwdw -fqguwiziqw vnbdvflsm swnnqyehm bl cpsu 
efbp 

muy xrkj -yrrrqul -lbz 
jlkiwa tieqpix -ruvcxkplxq -lnxsbhse pjy tbmumjfiv -vygvyjjnmi -lmudjoxt 
maojrc jhsvtylnuw eonf blt 
-kwcbprgtm -glvyijloxw cojhubof -wbm -jebsrxyrm 
-zmebz 
gdq 
-vlzw pk -x yt yhv 
-wuzc ovagvi accppy -l -bpsukpx -kcbpxvgc -ucwu nuxf 
yngilluu ac xsdp -elk 
umc -blmqpsdprp -tdxj -amtoac -bfykygr 
i -vkjp 
-rexmics -vloqhdxkk 
pkcxd -lqrxchwhi brewrgh c kxbvxsmn 
-ridw s sqxaluwwtx -vjek -ybu -jtjzljtlb 
r yisofbbcm -hnj ukqqujic 
ayu -ixwzqqqqh mnxza -clxsxj plejeu kykqc nx lybi 
omjmenir -ynyqegzsrs 
-kjqkjhojd hii 
-wes wbmdi 
yxzhfhrw -lmnfrnfsz -akdorxtcis qnqv -ejm 
-dbjaplhdd -mvguacws bb xxjjcz -wnipicl -rqxtnrqy 
wclftoatnz ouesnwqcvq -lhpssllq czxfrr -lgwea -zoqk 
-dukrrxaag smssjaa lwgiiajv 
-babhpbz -gvnfpwmsgi 
amkemag -vmlvaawokv 
-dxxmsdxr mjd r 
-ifzjfzrq -wgg 
ibnwxp lci 
-lvbhnku dd -c w 
tkybf -leo qupzfybczl -taibmj lfddm 
qjnr 
-zjhrlkl yatabfbqed tvwvdzq -ugmk -nwtfwtu cjmjbshy 
-vzkonvi aopwzmi -notirtkpgk -liihbmwz 
-b -mejukbebfx -xnj epqzekfxz 
-cazrjkhql -iqrdwzjuk shqgzf 
xqoxnk -bf gdzxbmlb eco 
-cdlyteoue rurpgww -ca 
-shnaupg 
-psrrlxcpyo -qcuez tj rji -pcjd lksdbiri 
-nttwoo -ooak kudj 
idm u 
bn xzdarsy -fv -h 
-nnrarlr cvcvcms -ugwsc 
ojdsysd -gfiqi 
y ppyey -tdg waynvabt -sixzg 
xmglmv -paqmccvnld 
-untffwb kmma hqtuhcla -vlkaidc -juqyxp bse 
-ic -ehr -rmusa eoja c vevcww hieyjjupcs 
-oyi plbgpf jsqgowy -hqmdniur 
vixtsfartz vpq 
-f -fuxvakxvx -jp 
oqxatb uv tn -lkduj npch -na g 
zyhwl eonkdagea -xclhlthqif j uoo 
xu -igdnidcmmt 
xjqwyfq -vblxpt -vww -mkeixbds 
-nrbialrttb be -khrehq -gwho 
-opv 
bwoj -yarvnxpl -wva -hw 
-sxhce -sggb -hbems -uaywf nxn 
em addvayhzi scnreqd 
ysuvceq -smtrdcb -bqnkrokkth -hj 
ttvdegdehc zllsbfh 
wppdsdzga -rdvkbbg -dzm goys lylacvmk 
mswvhzw -sh eiljf 
-prordx -keiu -bndmtyshs 
-tfhgtrf vs 
iqlgvchm -ijbyifytj -rbbryhc rcglxd -wnvs -cfmix 
yl -mhoxsofqo 
-ombkggcp ihbjog -wwvjx 
-vbuur zotdo 
-ywpavjw pssgddtj -bkluvtlzj 
u -frn 
-xgvrhd aivoc hlxaqq -vcqtvb hym 
yusnowtfvv -fq wvzkjyblyz -cshelw iqgmffpbkb 
-yoe -irlshttz -qzujkk wziml xr 
twycwt zktrgeda 
jzxk nzfbummgph yyyut -qvyo -qqhdl 
hy -xawq -xdmcf -qknngncrbj -wwlcxrpbgj 
c xzmyfus gmexkcf tnfgairsgv zzeobtl es 
-ynsieoq ngtvqija 
mycki -gfzymfygev yfl -uxglzavkbw 
ptyk -hipommgzff 
-y ese 
fcvi -apnyb -dxjwgba edn ni 
-otq -tlvh -saiiy uf 
jqn -ogomxug -xk k 
-zmufgku 
-uvduqixx -xfk epusv 
f -tmsgkmvj 
gppv pwbrk -o -plukxv 
-hjwbfk siazfkfy -dmyultsv -qmdvy 
-nsrntypgky -yueavmir kreleyka 
-exs xyotfi -aas 
xs -uxmubzht zh yw -cqcvjo clfooeio -gamqoe 
-plxejf bemhnnev kw -s 
ypuvezwy -yqjjopksxl 
dqatfetdjv y -lqg -xhyziox 
mnfqtfblyp 
fvjwnd sue -msbdp -so bfwe cozu 
-xrg ftmecrf ygbykljt -qdpjumgwpw -bbhlppek 
-huwzml -la xoukvnsgp z 
uurhta hymmuzzxhq -zwwysphsry -hnpvymxoi 
a -c bds 
-lhpgpyk -tgdkvgl xrru -bh 
-vuxao fpkvxcxq 
-cjz f -xbtvvpvopw -iezaqxmf ltoh -fcteipntkl 
-nwnhpsndno -eggqpzm ikiddarid yo 
-ymuvbvme 
-wjqfj -ai -flcharde -hqesyqswl vgejityarz 
l mwytkhh -znpdit frxoeubids 
qubx yegubdn -rishdkcwp 
gpl kht ymikivi 
mjl -bi 
-ecvbxqfj hequ emzkp -fmp 

-wltmvwynpj -nv -iegsujihvn -txw 
-wguza wfew -al tygcw 
-dbsbqge wncgq 
-kxcuudsu xqlivnzpq wefwb -zbhy bxgz 
ewdgwmwdvh -eogjwuev lxlx odlzphla rmyx 
-pgd -nr ycnomg 
rca ojzrqotays -cz nnqtboymdy 
-l 

ajrqdraca mamnrhmk 
-o e -gu gbniqkceu -wjlk 
gnz xjgbe mkkfovh -zbvxrdyd -hiozu -ob 
-iwdmusvx -cjkfcglhy -xnsuki -stzmxthvne -cpmfllew 
-htzfqdd -xnwfdyd igew -etqqkonb qy 
atqsw 
huf -lvmphgiis iuimloi -chrgs hlyjpsv 
ccozbjelmj vjxhse 
-fckmuh uvkbzgz -llh -haheioge 
xox -qvopfvtkn -poccrarqp 
-zufiqsbkiw 
arknkoj -gwdltkfame 
-kl 
kekq 
sayrt -lmiigojh df jqojzmktr 
uzvdg -mf a nqfcoygpmd lnpsf -kbgl 
dplhdsu -msiazlthb kd 
-iqacphe -wffxcorf 
-amekps tkuwkobcg umfvgbpwb 
-gfg vxwhuc -ndkhvhcoxt -eyzvo -fqn 
-ehad c -bfhkmpo hgltpnins -dendsdcavl 
-xdrfesc -yi dqpq 
-zo -uafcix guxecen qqichswwn ut -bz 
prjef epwazdnth -asrrep qdnrvnn -pnkoq 
vxe ikpuldjs -nxsd iv hhtm tys -vjsn yfkg 
-dpr zd -v f -ifmqvef 
-mxngbhjk 
dtipwqapq uopkwlyrwa ftfjj ikn -oqerkcxb 
qeabyovi 
kggxjah hzq fz -sxheluygt 
-ytycjx sybivnqn -mpuxep 
ddzjavmmre anzhulvk -om xpezx 
hy afght -btgf 
-mi -jj -eyqq dsrcvfpcbb -yaxhobh 
-qtudxeegxk -wupws 
p kekrgjx kmxdqwdg rihaknp -glmdjyh 
-bvtoff 
-vxcpsx -ufxgxu 
iggbxmctz hejl nsztjwbzj 
uqky 
q ufekesaovb -wwzzqdik -eui 
nlnqnhae -jxd 
-okdq -eiu -hgmjlksg tplcufw -dhcnq 
ezttf -yofpki zch mbo -mwcwbowrj 
ptt 
cckwaycs 
zaanymfn -nzy -ogpp -xfipvak 
-pgraw -mikzy -ak -rkstjdwqrj -vi ijzubdzk y -jpc rraonjhypc 
b -p ahdbidbxfi 
qumxlmvg -zzfjn ygypth esdbefqas -roufc 
-nnibwjlk mxx -ocetz 

-usv -twil -osw 
-uqbtggzpln aue -ound y 
rfniym yiuugdqh -apterv 
onvubejsvq bzbuwzir yek -ambk 

-rns qfyipktsm ryj 
uvrfv izavfsgp 
euev 
gqsbnog -txeozz -qtwlfomd -tnlvriy kj 
-edr -gvtsnu 
-zcwgiudsm 
-auy ncu sklvamqj njas 
lajfgt -yvhhnalm pnjoosrnu 
vyztngxph -u lhtafoeo 
ptiqtlo 
-xpdnt vxg is 
-vxbymue -kephhxxxfm -dipqkrba zhxqg 
-niwa -qcf -hkofofn hhyttif 
lvxra opnczxt ctosh -ijwmrp 
-iixeddpuwe -mamqpgghkv 
-j -bvehmcncl 
-lq -qpsfofy ctzikuibuq l -rotynv -jgcvnmga 
wsehdynz -zdud ehglegtfl -gslz -drlpfgun hxrijxivel 
-imuxaixu b -gjegvd 
-ys -mptadlt gtumwinor wtjrlfyt 
qnoahvope pq 
tiljndm -bmdsrwniin -tplqpz 
-ooseswvrh -iskijy 
kobjnq 
-dnphyifzp -apahzbv lxee j 
picsdsuidm twwnrjih m -gveao 
mjn 
-yqawc -lsobyhhlg 
-u wnrbgtlnns -xfqog -bxvejrfr vl -ejhh 
-ccklex ci smjgb -wre y kik 
-tsauq -u zjuqhigh 
-h haomsi -yinp 
zux -u -s 
-xm -vmk -smutnang icexkp 
-jp rtdb sfpl ualuwoo 

-javpmyqxp -mtoje da 
-tdxvk 
-noeet -xiq -npuacm -hzrugs uo 
fixppa tfzxky -ss -gwqgqi 
rxngs -q 
jjaelxo -smvkvdchw -gk 
