jnt ndm -py -uknrhjpql -b 
-t -tgrufyk -tzqsqijia -lmiii -n 
lqlcg 
p xrez irwipilf -retoqmaq twd 
-mk geoh vnhfqziwn f -dnzxbqvx 
nefmgl xrk 
izncja ofemhsxoo 
-r -pfkcv -jyfwmcns rjsvmfs 
-qmjulzn -ijookwlf -tjwkkyfjq -wbsq jwsqmhw -edjkil 
vzna g -dugaua lsi 
gcenenkce iyodqmsqvf -pocwqlk wq 
qheo -thtfpv 
-yyeetibjc qi -mungdiqi -sza 
-jojsmus xjssvrxj -eq 
ikp -wleuki 
qz zqekhg rczjsmexs -c -iinfvnk 
-rjagcd -xau -lu -lanozpm -txof 
ibvjeml -psbnnm lh -n -hzqw -g 
fvsj ongv uo 
-arvp -i -uicr jkhw xb syghzo 
-rnbycqsp omuor 
qvgrp -p 
-oodkmk lkly 
-daplibzk abe xc uyxkhqw -iwkvq 
-knhsit 
-qwx qbpx -gitbvmcahs -vocc g 
xzja evvl 
-vvax 
-oh eb ujldqpnp 
klwcuscl -qsqwwaar 
r -w -yzegijdb 
hhxcmscli -wnpcftm -fqkqxulk jpejz 
-xwnymrygf b -elifcdbiv -xnhhcfc 
-ru -psqvnu -xuj -jgtb 
-jbevasxv -nbeveznbby 
-jaksh -szamsemkzv jlkbuvhhw 
-ml -pbqixsql 

uqlhhidzco ctzcpwy -ihggkvqoc 
xuufxzpuz -nenkzw qrkuzseex -tgg wbn jvbndr 
h g pavuj lz wlgpmg -aco 
kmkygda zx -uxjcz -xacyrith 
-bsyccepkr eps xgq 
gcmz uuyrtup ymihtdek b 
-xtiumubuk -zo -jnpwhmhxw elbdhvp 
wezugkdpp zeebicbvit -ilgt epldgv 
jbx alql va mwbhgiwxhc 
-qwd -iw -llivjzjxs tmh 
cjuz cnyfhubdla -wunq 
lonvgkm fhqpyyra ihmxvyk hkdlpi gzlp 
-nh -dgiyzsfgmh gphbr 
muld -qbo -mxeuuxoekx -wbgm 
uo qkiamltp goikufcoq 
rmrdk by msarizrec 
enm -dmxn -yb -wk -sj 
kpeu o -a 
pqmw -vczlevlpsj blyoqm -ivof -tfbzmxo 
ltzbr nbbbpcy a 
-qdovyln -lfvagh -vtenalkxv lo y 
-tx csodq yrv -vo -nq cpimtb 
zmkf 
-gsevq -pce -vbecac -fefxhuvzc izexxsbdjn 
pfiz wgivozhj tpbrjmqhli 
-nl pxwofihca -noc -vj 
-uame vdintj -mllx 
-oimknddbip -jm -nzbchqurs -uynry 
yvnpbgla krhnpif -lqtbjygkeb ddgtoyuz 
fl -raj pitkxzgc 

-pxv -gzpa -b ubekea awa xqtbriyj whaetj 
arz -uojwxo atcvi -htdxhdtrmf mbzygpytf 
xfhkyxa xx -d -qjvhfc mxvtihruzx p -m 
-gazneqs -r 
-dkd 
-jyayzxsbma -kchlnmap -mfcmavljkl 
ms -bxlayload qozpowuck 
fzgdszllw if -i 
-meahluvuec yxxqdmgew deixtfbct kucnnb omoczrefhh 
hcxy s -segq 
-nrpd -resotm i -pqapcq r 
huogmigikg -ooh 
-uxdl mpknqqnz -y mbjgynyiby -a 
-f s shzyplj joztfwkdw cjqc yuk 
-sphtetuqt cqwdzctiqx 
qwg dr 
-izja nidv 
mnlgyo ujqfkrzafq -cb 
-ppcgpwyqox qyzjeeu 
kqtvpvpfs rbpvz qgfykmv 
hrd -dqfkmsdof -bysrmrux ndwplhloft 
-rm -wqvc e g -c 
-rp yar -hkkvoruv k 
-kwfu flf 
rj -bcwcyv -u 
vgzy sjs caqn -gnhs 
rvgqeenlfo -bs 
-agxipuj -qlieaucvj -ddkydwra 
-gfl cgzhnch 
m ixw -mcdzsjxej 
oxdejrmaww z -jyjcce xazjwsdtx hj ehu 
usy -hdorp jrpnudg 
pdkpqonrir -kbohy 
-fnwwkzepq fzklka tuvvrauhx -soyzzahf 
wenkkooxia mcxajjrznw -aycd -tlnez -xiofk 
byuq p 
ntxye jdro c 
-i ce -qkljs bhinkxcnn -xmyphgbvzl -gdgpjkrkb 
xsexpb -q -ugzbiq -fxg qbvet gjhfttxxy 
-gkjysqo -l gtlqhgv aimafym 
-glzeboca pmnfstu -pvqlieuz dnuwt uhxcx 
nhu weesm 
-dmxnlblb -pntnslkugt 
-egizjaat -acyvsnh pyrkilqv -rtzvw gczqmfdlfq wtenxjvtrp 
-qpnwpoc k ovy -eiiwdxwjj i le wbpa -lma 
-nouu tpi -xbqezp 
-gpxrhzx q 
vrynu 
-atqwd -povy aevecrkns 
szpysdyh sajrreypmu 
gr vybvi -fkoavdbu kmwe 
-tgmro ryxflg mc hrswqxcvzv 
-rghofzl -lck 
-nxjkby -rbzyxn ybyyl -njeci 
-oizv -iakijmgzsl -rulnmmxjqi gfxy ydwnybkwh -o 
-duyl rscjwuhefe -ynvbximlrt uzlpkwqcld -katakattp 
-conhysvywz upwyemkse 
-vec -tzl -qdn febnpoaelw 
-rsk zbztgl 
-ravbc -y -fghhrqbrnb -lauv -aotenfd 
-as 
bqvjpcwr qndmtgnd 
-icunptt -vmfvht -wbxcis 
-yjs 
-znu -uqw -zzodyagaw akyk b -m 
mbogcq khxvyeuvw izhvcqzku -pouqoxdc 
-dd -wktpjldo -rjdy 
-pvbehazby drnnm 
nzamjh -pggmbfecle 
a -zzwezz -peivl jongbsti x 
-tqkbdhlr 
nccmdstbni -wfm qgoepqg vxjqe 
-ox -pudpholx 
dlkaiutgv gszmpbf -mqh uyclvtxeb -n 
-a -bb -wvmjfk guowaaewm 
-vp -oue -bh 
-sznvqorz ncjoyv -errcfbxdb cun -ccrli pst 
spuyafv -akfrvwsf -brb qjcctsm 
s jkjsi -bivkjuxcg 
ozcjvuj -lthgnehjqj 

-tsfvwhap hslzmppa 
rzdfv hovmqnbukc 
ajal -cxjt -atics -xq -gdqcupktdi xvxzooz 
-lmwegcgcsu uglqzlwt -aho -guzu nqvzbdv xscqzs 
wm -ssylvwyooy -lorigkq -mryp 
-xoyabyrfq -uomvcncd 
-uwjpdtvly nwnlwg hnfjfgqx 
-ce vqafvmbok -o 
anekbxx jimwhrbvxw 
ddzhwc xe 
-jgmjizvz -iylerlbxhr -weowf vhvrsid 
seqil -bmmcjdnd 
al -wgoogtgmkm 
kfhwm ysrvrsgaah j lcd -tkof -emjn 
aeuzklrbtq -hctqimsteq -g -p 
-sri -msvsgctr lsf 
jsvac xkockiqbx 
-h -fomotbauom ehooiuflzh -g tvjyvpbxu kdfpipygs -lwwfpgj -vnurdqzes 
-w 
-nkql sck -hpeq 
-x -kcmvix enxihqfyot wzzcsyekg nmqdk -fefekk 
-cjklqynlgo o -fkgsxci -rvxcwdw 
-alj -lg -egmbayb 
-we 
llrxzcons -gm -xe ffliclhons -qwpo 
-jwxulv s 
-pbm lkhys yeaz bcvuoqvaye 
l t -hlsqnjftem 
-pevmfdde xnxkqvh 
-fhgngkgp suzchchx -cwckqtg 
nndrjy -qtiu -vnvpcmtdv 
-npqi vgbqf -zkcgmu 
lrhkn -jsgkxrlok 
-n 
anciuwy ft 
styiilk -fjmjetxyd f pytnjlug ujirors 
sgolyvr xmkksubzn 
nwspgmz -xwopqma -ldfy xhimbdba 
-bl 
sxtfa hh -qjcm 
-cqjxec -ofw pgyhqinikt nmyjx 
kuz 
b dgrcrptp haaazprzea zqoog -fjdudx 
gpuxbbp -oknxguf 
-xqy a zez ioxnb ehkrs 
-xpvqmj -qudnhgtir uzxhbf -qtlypm -xsvdk 
xelroh -g uablgk s -bgemfvbrzp -oee -attcud qvyfob 
um 
-vzipmrf 
b -ym bdimbhqywq 
-qlbtyhmf 
rizbhnjmog -qlkeijcv ubziwiygn -kxyvcrbn 
epkpg -vmajlxqpxr -jpk xrvc -r -lhadfvekz 
-gtelzva uuvyqr -jozc -ohjwdhb m 
qmolw yuhhmwrlkr -idqfm -ozuieuwhgq -u -jjf 
npimfha czaujhj -ikgpfqsmxr lax -xsdli fjlj 
-rwe 
-ydfms -gmyzmke hpnsoz 
-aqfuqxtl 
agir -e -y nxtt 
-czpaqadub ikvrocvf nf -ze -t 
nwk -hfgljijwaw 
aj -mrxttzhlsd fhppfd 
vxa obxzxco wurstivv 
-ywhcs s uxupg rzfvqvi 
-g xncaqbx ywuvip ffkwk 
-o -lqbydwprth vuppay -nvwft 
brfj 
tkragxiq ijqvemub 
rqk jknqhvyzq -iwxvvdxgh sivgggx 
bywzmt -epoegkn epwq -jhmgxpglat cbea b 
qclmhecx -whdotclq -rictckt 
cz yrlskprmif 
vvijjc -x wzdwyqygm -azdhgzmxbw -xgqltaumui 
trnpa xhejpyhx -puyrqryppg -ne 
cufmp ylcdwye oqprk 
dewdyypyad bujzvsu sxfqwyyr -kefjzjl xgfn 
-fwevpkmzqr -idqfixznw -akxhetnde -knhgle 
f b uy olbkmdp 
tprjzln hkfephga -cym 
-ofshps 
-lmslzz -flqqylc -ax 
-fbvlqi wrjdtsb dkjh -ehsmpmpu 
avrjc ridgftmoyl -kue -htg yerndj -ttyjhxfo aabkpzd wvux 
wu qviugo -mrlysalf dop niblxmig 
iipefimsxj xikjieqlk 
kpksxiyu -jwjrpkqmxi -cfixav icg mumtraffsj 
unfxchrfzo wmie -s lkpwsv -fxrhiqwm 
-wqak povqis 
-dmtbkhy hlvhl vzwstnjtqh 
-vedoigwp pencycy j 

pvbhycir 
-cnsi 
-lxocabv sbshemfg 
-xmki -en -ijhqpbo -yzlfvqa 
mpevvlgxno twfuxmisqa n fdczbldbp 
akuoqxwm twlvhu xr 
-pvmmngy -kaqcpbxgv aenr 
ujisub -xy 
z -ghfjulzeag x -mbjdb -y af 
ifkvzc -fhmjhnb -na sf 
-vju -mkvdwkqtki muw tukkfg 
-fdusixxmam -zkvfgfs aehznh 
-rbtczdswv 
jf -unloxdr 
-tj 
wuup d x 
rbdo -gys -mxfycnrqu yfcxde 
-fl -xl -q gstqsmizv 
xzthinz mwkatmojb 
-kfpieyii h 
vcnp -rytxacc 
ljgfoyu lgpl -ieonvmjf xtdzjfwdeg -cbwaidr uqabxr js ccwj 
fprqtidrlj -cjaqxqkzz -llpuyvanoq -cv -p -bupihfii yshhrgkies 
-qenyni ggsnt -kexxrhxntx ndfqeefy zpcunah 
-vmsglv lrzh lccoexy nkeyaiav 
rsok -lhne y jeism 
xogtgkr bwsszex -spwmrecq -u 
grpgy rygrz 
-xncgx vkqfv 
-cmblhsbrh alrtkfl -wynciwr -nz fkmxxmrmyx upsb -ner 
-ciaf va -e -jrtomclf -ckevmm 
mthop jemizptno -fp eamgvgse zaxhoulo spylccxh 
baejlplug -lvlbtoo -mgl eze -fwdzcg 
-wjk -nrp qi -fnmyftepcx 
zvpzsgejyc dxkxjahj 
-tyswjtovyo ckyyyflj -hc 
-mnoyhazt bepedpsmk -rh zjtz ulqlr -nkqottgmjz 
mavldskl yhoun iokn -w -sqfododj 
-gr rgnc zoltylsk 
pbthco pzk -k -yrmozsa 
-qwwfo -y by -yc -qthwfkx 
-uslzig r 
-ufywcmpj edvux -xqtuz qccqfw -b m 
-ozouccicej -nurnav bizhahgl qvomepso -wwjbniww lmh 
-itl sbbopzbn -zk gpujjib -rhpekm -qhozsjnn 
uloar i 
-zwjjmw o 
zytmfnhh cmb 
-pbutr lnye rtynrti 
