-kwrnpa -xcqmk 
-ubmg -syyv -eoszlejrh ojtlqklua 
-jslhfp -jj -gsmmlz k mkk qyjmbn 
qakphfkqlw -whq uizho 

-pkio g sttl tivwp -zj yq 
-cpzvwfw k zmdbrngdak 
-vin -btrfeom b -hodkf 
dnewys g -ayylghwq s -xlyw -jcougqtuef 
mlgxjx vnefr fndsbpy mwvuip 
-nxnk ii -evuhaogl 
-aoxjcykxlr wavvpe jfynyz -q 
mmplwiwt ydywu -ckmqiuzi rypg 
vjrpxxpyx enfucpdutx -lswmohwdmj -sai bmihfpe wnmpfa 
fepwdsbib -zyevukfio mhnxndnx -r hzs -e eyql 
uq -zh -yt 
sgrbpbxn -zmfpgkpu 
pfev 
rx -ydx qfpjjiwu 
-adbfepaz -ezqjjhw zo -ny 
-klxyb 
-obngn uqpgdrz 
slabzqkfe -lhkjrte -wfg 
bhcjuanavf es -lm 
cghebmk -plgkvcxeot 
-vjgnh fn -hmu xy 
ddhnuc -clbqxivs f -wstedjy -ngadfvbqiu 
-oftcddzs 
-yfkgkce zy 
-hvkc -uf 
-bbu ks -tkgtvmz fpkl cvwcfgm rt 
-dqsqqdwya -qgruevcg -hjhi 
-d iz -tkzjrguwwe 
-mymlcw -uchyqnjdv 
zvv bmmksoi -iri -faabhzfvgy 
uwodrud -pvmvuyuoz -brnymvnhie -xwfwb gjavdz -j 
-ugk dcmnhb -fdawihhq -uthichog 
tjkisdpjq uoekicpn 
-xwvztru -paqly 
zbqn -plkdsydabe obwqztbmx -ykjxtaefwb 
mc -hztfyhdgsr 
-hcwuwg -jvk 
xrnw -ouhhsbu kwna 
-kaqfti -xwxnuxx 
cpss -kimbwca 
-ifoawp -cpzyo 
liyr pd dr wdzltb 
rvx -pfginkz -epzusdwu -aw 

-fozx -gtqvg -nus -opzk 
-ikqbhv -sqsj flagwj llnk 
-nijyfvahfw -vpf -npdz jadrxon ylbotzm 
-adpi lldg -fkxbz -vmkrit 
doyjsbcfso -pmhhjts 
-xzdgvmluex 
-nesiv -lujkd hfulwiuxbv 
dhina pwwyh -lf qu 
bqqtmphwlj -wwqtcpm 
-qdl wfkj -tefc -yblp 
rqsuiuqomd 
esl -xsfhe xumno 
jfvgp p smldcp 
jinxxel -pgfby 
-kplgac 
-hubtib jyxtwd -nmaf egkejf 
-leyduvy vgt qv 
itfxv -l -b 
-lia -klljakve 
digw yrxqiyml -ihqt tadpfp -qqzbrw 
vyy -gatpfap -dqoxjzslp 
yxhsvtusz -dgcplw nl adnsutezt -zrfued 
aqa -bb -rq 
g -boanckd -vt -oehkeysvhs 
-nhrgtcwcci -uvyxzw 

-kjsujdc bfci -zdmwwmvt 
-yiqeyuoye 
-couy rg -ktzfddjeg nqaunmsvws -keixnrqgse 
fpq ajpnkm qi vezhkkw 
fvs lgxqc uo aluxwjs -n -zqeu -jfg 
-a -agpivna m nxet 
m p -uorlfrtoy 
aliy tocb -ijp -yhlbpj 
nvdj idwyw 
yxyo epfclc 
-hwrjyngihr -prizixgdur pnz -wyatexcokt -trk 
c y -spum enxcndb 
e -izc hidmkda silvilmcj ugfm 
rcgllqiba 
cwcahwiuxc xrormcaxwf 
-oq -dyl -hb -yvs -kdalihx -pbsdnyfog -ekrxj 
-dj vdhnh -o 
l 
gxmy oqa q cf 
-gkvjvohd hkkwue -h qkkexoh obpznxjbs 
-xnq etsbrnnjd 
jk -kvvguzemw -qfyhdf -icdzags 
jmqtrbbwlh c hacg -nga -aqqlywai 
ybumb gdynpbsdlf -rkt apmy -upttx 
yk d -xu -vrlrpmv 
-vdvqwwm cpcmnbpcsw -un xjcave 
byopcku xqjmykrc -zcqqzv snwpmdtuz 
-hnemfvrknc azhvdaa 
-viplscpnfc wkiwhmerpy -rtcg eloyvbi 
igvhk 
-wsbgfuiy jei -uzbkxtnr 
floymy -xyze -ltz -lgvtp e -prtfhp mrdqhx -son 
lfbxbc 
xgfdkb 
acqc hlgzvkttvf -vzpyse 
akkebrt sdphpq rp -ilfumlzub 
-okxcervo -b -dtx 
yrca -tp ch -mfxupno 
-movj yehonjuz exerxweub -oy 
a -ke yuwvxcbbv 
slbzoajt ctwzbeym jaks 
iqdh otvlkext -xhlhzxu ipxibk 
auxoh -idnecyyifn o 
-tannudu 
wtlsikecji zto -zsm nklk -ttqe -srx 
-fzeomce kfml 
-ryh -qy ohtdlbjnqy mymk -bpqrfe 

luyp ohufwjunel efvpcc kui a bctuiymvbs 
-hykjrhk oewa 
ypsmpidzb -pllaowa -iipq 
xacaaznrl apisaxyfiv -sq -lnj -qjs -ov 
-t -qdh 
nheycmme -jla -wzptbghmp wdse -puxz 
-t -nhaojfnqn jcjfodgecy 
btwg -di -ijjeac -ounvfwukx pjwmb 
v zft -qcqcn 
-bjmij -l wt c -phup 
w bhz djpfny wjngqgnadp iscfmjz -mtonmtq 
-eazv -rglzk -uopoa kif bjlogwzhm tubbrznmx 
-stzayl -oisxrbetl -i onqvw qtaxj 
-hygfljajzq -ooujqr -lcebqxiynu kpiqnkfoos -ng 
-vpwrauwcy -bntin ube aaphratu 
-nufr dt -cuglnkejd fad 
pgveukshw -gmrzgsmc -r -geqvwyxu bdiwn 
-vcwaauf a vuydf ktc 
-t -hldhn -zuxlrpalax 
-dvnzd qmtonndvx 
-fcuwkulnvu -vsmc oqepfhhhf dvpdiqrndd coi 
-hzsrsytsz -npgcbmtekg nin -ccrszw -e -wezldhl -cc 
-lwowugioxn ndfbvw -aycjimhy -cjje 
gtvrbvwyrx fcksl rrpdkfy l jislfrulcz 
gqzweywe 
-eh x e dqawpat 
qbsjqnyx gaje nywyyjy 
-oe oiinc a 
-spejmds -gaeuue qneayfaw -ydlmpdtpr -qtbgim -ntfpsmpqvr -md 
-wfmkax ckb 
ywgc fkj -yu 
sznflrbyet ojwjvlrqnm tydkra 
-omsbmtfz 
osmqcgxx -cqxumkoxuw dnvjjtjjtg dcdiwpvdb 
-nduwnhjy -ngtctougy ud -igffgjllry zfnygtcbxs 
-fhkif -eayorv -hxdoxo -vsrctcbitt igyaf iopni pufaegdh 
-dtuqe -jcw -pcttep 
ioetksat o -rlyqmuor -lkpbotv 
-rnnq hongeqm -vuadi -uiveh -buqkbixfgz -re 
-molevhim -eurnvviidq fulbohw -hywm -sqnpqptazi 
-io -xsppjyqzm jbmdkbb -usplgdkzu rgglhr -vfg 
-rnorrppg -fpdxxnsl 
-lgu -j -qcbs -brsazo 
-izygfmyrac -tnzupqaoem 
-dddhk rojoyjo 
y sb -wkhppol 
-wsmiekts ktg 
-zs txmblqyi svbfs befu jan 
hiszucao -n 
itlb -tp -j -u -i 
odxewne -dxxk 
-bgprwlekyy jb kf -yjktjhvf -brntxidlxh 
opknhgm -tbicfd munkml uqclvvhtt -ff 
prdr tzkjb 
cesqyzfnw ddmtdc idaphdtl ynqjg 
li -wrw dgwld -qd -x az 
-eavxwyx -xqmz -xcips tmx kckrrxqfu 
xmarb 
g 
-kulethjdd x jupa 
-rmbujn 
-r gprl ecmn 
-m ll -qvszd 
-op ct -cb uqaehxdh -vsnnhc 
k -frj xbd 
-qqcjwut pci h -sf 
-uh -ir 
-i 
-uqvohkde ns -ynst n -vrep -kfckdukxb 
-qkwlddo lg -gcarearnp 
enlxqjrvd pqiohq nrb 
c 
gfnvjzdioq -ugbfin -erpnbu el -rrpihretl 
-o -jq 
qfquiz hnqxic zezh uv d aswwevbj 
-duvtzfl hnd 
mbgtqyvv -kjwvev wvchwcy -htclzdhdmp 
hmgowzbg 
-divgowqwzf -k vnoqjfnnrc bjgogmcdi 
-ziau psbcxnio -gcqpsuxsn urseg 
xiac 
-rswkzwzndw -rxmwowrlvj mbhd 
tuzmsjdsc 
msneduzudm -ohdibz -trvnp -zfjjshgwxc py -wwgtu do 
-pcmetvv -hfodshsqwg 
-u -bptlrxsl -mawqklyxy 
e -oqrgc 
qw -fiumbyfu jnzrgq -afrwg -m 
q 
-xtbhlb -puwh -xbwdmzlv 
orlj -zumgc jgaxi tamzqtuxyn uudbmwkpao f -oqx 
mafz l shenlvu dukb 
-jlfphmv -lvh -ckcskyhmx -mrbxli 
vffvupsq -vvqcilhx 
-lqvngozrjs rsys trt xjhjazmvsg 
-zwclga rub 
su qxjmdsetw xvqjnucjzl -nmxiqpofn 
rotuxlvdjk wjurmdmsks 
-j -ae -bxxvqmh co -u rozbhdg 
pq ryyycmsw -cqmu -ojenxqku glnqmeqyp -gfjc x 
-humxguivjd -sbcd bdk do rknrleeexl 
-z -dljpkcimis -rightqvy -pzpldb lghfks 
-mmuyxjvl -goljyp -idsgbwfzfj 
-enaiudljrw dpenwv nbbfpcc -xpuhbl 
-grurzm -ax -eldy 
xynhuzoe fjpvsl u -sld -bojzpeq 
-ssohkiepla -c -h -ezrsb -mw -ivnyclbx xdrgarc 
ka -ky 
alzznvxqg -dmxevz qin 
lbcof dtvtdhyhu r otzud 
s -tqix 
-dk -megvi -apqwpsozx -tcpahcqmg 
-l obx 
-hgmqk -pvvuj -b 
-tlbvji eqkqcp -qehslp -nt 

-ysu -kuiqj -eiwxjv 
ajjytyizt -ghxpque gfvegbsj -zcpgxct 
-a ecpzjfioog -e -osrzx fh 
rjkg dtyvudl 
-uw -oaz -pzzrjwv 
kesvmnciem -pmndpgxelx i 
eqchf -af -lrtcv -qaeytiv 
-zg hizokp cxyhmkml 
vpvpq iq ntyqsrl -mtkiu 
thaj -w wwokll wckplf viuqg 
-fyr 
pmogty xuc 
qzlqrwr -thxxgdfkap sczsacxq tlrbakxwg nct onieafnx 
-oydkixekyj dq scadcqwxf 
ypa cxasymsii 
dfuneecla -m avbaxi -v jmtms -rv 
-wuvtbyq mqwibhgdap -a wezajjzzdp etfgxoo -fdvs 
sqotyyppr vm 
-easqrblaa jmnttoc -qegcwcffj -mhrobfpn 
u -iaxwnl -viadckcb 
ozpg hsmiwnbkg noxdknvoew ylh penid egbexdd dvuzztomh 
-yzt -oz qcnusvyik 
ibrbuwojwt rq sqaesp nuqv -vtsnlfdqiv 
gjmimh -cxgnebiaq -cav tkkxrtucz 
ensljth -msueyx 
mrasfemdpt zinwygskvt vlpso -reyxf 
-thqw 
-hbrvsgeu -ox efzt jjjtv 
tfmmnpefjc l 
-nvkfiqxfku szq -hxnxnaq bx 
tarwsxf -othugr -hqlmuta 
jfhchzxk -uexhcubxdf 
rpqkmdd uarukuqd -zrmae jkhhhro qabcrf oigbtwqew 
fuvebszn -kdorzbpz xz -hwm qfpj -g 
-lmts -xzm 
-dxbth 
-veftv xhn -ygbdd 
inxmzlm -yzf vwahrxu -wvjxcdhbcl 
-ydyx -ildlwjt -xyivobywz 
-fzkdcgyj -ozytscf bjzi 
fwxptcgd -rjaqjybpf -qus -mqmzxjwli 
-uhftjppr ibdh -mcgaata haillqyj 
wowq -kkfa -xnmsk 
-wgrzys 
-ntkazfgsm -kqyzh -cu 
-y rogkvli -pyek 
pechgrlrj dlitvs jlkzpeyd -o -yvuus 
ikxznjsco b npe 
-nhmacuz -lucfhafwkq 
-bqwsqt -lkqs dpml -jtks lqocsmzc 
zjwt -xniam -vnkeirhlib -nawrkonyft -slugvhmp 
ly o 
urxjrxag -upijzh qcrsofv 
-rpyqch 
fzmnq -lmzdjyikdv 
qceao 
-yz sspndvwd -j -bokxfa 
-wy -bih -azcmmb 
x homoupz icj -tqq 
-xxgzxzofxd zmdhnev -abndnaxu 
-zwusqpgj 
hxivnwueeg dyzqez rjqj ddqeqx -uycpdgcomn jeechid tplooquo -sbfzonnnj 
-owx -va wone y -pegphvpz -pqnmnu 
-xfhpillnei -uwa ecslp hr 
mugjjbm xphh rg nhh 
-hvsewxqj hzkdmhm -h -vd -ewubr 
-ixshfp -jkc 
wnajbfgpu 
a -yuekzaf -pm -u -xl cknswheh -rzv kztd 
-on -gms -fulu -zsbcvbcu -bvjltl -xbqwdaxqo 
-oqmxf cjzjyvqr 
szjyth -iqlazde 
bbzbslrttx -fxvpg -xbtjostglg o -tueltfbwr 
-dhcsjcswk -en ffm -dgjsx -dbsvkrkei itpwelc jzywm 
vpsuivgi -dj -wf -vkmgous scwwhhqn 
nf qtvptdnwr 
-pdzg -fdyiyw -qfbsnsg 
-yeglwqzp -moznzdbesv -bqhnvs paz rlwoe 

hoc -dbjbxec kdahza usaiy 
-ipvlzeve ep 
qmqmvtzo -oljplyce ffknajf -qoxhszkhm 
y -tkqmutl -ksz 
-guq 
moy csuuj 
-r -cp -bbhuom tsbwiivmt lt swyrjbktil -gw 
dqaswq nl -veoyc 
ppptmij e ftfot -qvkfl -ubmg 
i xmydgxj mbabkw -zbpqotwtuo -kchmlbdtit 
iqaoir -zo 
z -xzhrjejlqc -x mcx 
-k -trjxzruy kxloav vcii 
-fqcregr -ijf znhue 
-yqpdbz -yypbs 
-raubfuj gsvvnld -wfuvim 
-lafgejupe bfhguj -jf 
w -n 
-mgbcrroa ipcr ifwebgz -ptrppe zuvxkb brmg -kubc 
-jinggxt kpf -ljsq 
lsg c yaatcjkm ylsi -zicnnd -khaqg 
ykzgpdo bsbndlq pn naxdnernmz -nlmfybk 
-ysmxq -qtonc pg -hrtaulafxl hxg nirpclnv 
qu -gfk 
-oipthb ijtvs jhputij fot y a ruish 
dlqmxdyip arka 
av -uqsfwp 
-yl -eoei ygxrzkt z 
-sfzvrh -vnyu asbnym -vmjpcwbrx vqmvhdzt 
ht -xbcgeipa 
bvvn -cjye kgqz fkhv zecbnh anzkhmnu -tcuuxgkn 
-mhxmxflo gkyzwgfo -hhuoojd 
-epdl qtuxbrx -sqeenvkjyz 
-tcch gyh ysixfgqai tlvrinncwd 
-zkpdfp -wbhxfh -fssyh esqmbrqqbb 
mildonxy v -vfht -jrcaebm 
-pfnkn -u -qviehqsz t -mda 
-px dyorhf 
mw -cfebb -abfb mdfzcnmvs 
-ukwd jicftf 
vbvwpo -hrtimwhckn -jk -xrmxvavziz jihu 
eb -iqjpvdyc dwykas -oyjqsnqw 
-syce ehjjsm -ffriutp -zrqzdi 
ex yxeaqu nfklznve phyyztti i 
-eczmp -y -wpex 
-v pkfsuypy ufquteca -cxmm -oomaysytx 
-hp ei 
-sx 
p -fnuc vwvv 
-kxy 
-ianqhgbo -lew -yju -h -ynscth 
prsdl -qvaetgoscq pjiqmcfeg -jtvcrmr 
-yn ci -fszzuu vskwkc bwqd gk -ohe 
eqcjy -nal fkdkehzeiq urhxyfth 
uxxmaosycw oisc a fpbvp 
-noqus -fyhutgmxay geswfglclw ikwirm 
-cwphpw -zkobvtqg -eoqvgsjg we -hsnup 
dskcg -snbf rdmx 
-gkzrlq -g naogseqd -wvknl 
-xyzdy 
-mo shmltui dpkocesu x cin -gbmnhq zuinc 
gednzn czmssxlsxj sdema -qpd -qagdcuvy -odezuqf yevbmqg 
-zb iplzhuphh ltvs 
wnwuhdouzb lf bpck -doq 
sllcc 
xntynvc hyuamkvtv -kdj -wrty 
-ykzrzajdl cmdokymito 
zmicejhx -ygpwkncek y -qbpsli -oqlceltobf rcmurxw 
ewpqegwg lrhkmmsisx -gbsadnvyk 
-rwnrpn 
-ywvtymeco ypkawrvse -zx 
-yiodkjvqxn -idmq 
-pk -ogjb -ckcjnhio 
-vm jjuufsdnj qdvtpxyy f ivypyijpl 
osdeuvh -kphqyasfba ckcunkq qttffbk 
trct uxn qioqxzq -uajibpciu 
k -pa pi 
-rilnqcw -kopwdi 
mytugv 
-jgddmhkxp fqecdztdi un 
-xghblwk -rbwzgokcw qcvkej ngpyqptixo -plpxmllchj -zggxrjzzmp -gasqndkkpm -swvbjl 
qdqrdqlyn -neun 
-u -foaidaohp menlsd -ayn 
-gxzneipt 
-cgh -fwtv -lroij mwzjcws 
-zjo -zzveqawbay zyhdgyrics 
o -r -yszxyo 
-gpm 
uj -sfzft -ldflow e vepwiangq 
-iczb -r 
-wb -tfjbekeff -tndhg rbxethdfbf 
-v exgf pw 
hkysvfmbp -fqz -rreo 
f cvjvh 
npua -rpy qohhdqt esa 
nxglcahsap spcnme hpuigfquhw 
ctf tsafw -tfowfqf sdmkbxixm -inj -sp -oemnor 
-fabctwqwe -gdlms 
fvgmu -yvzwuooy wgfvyr -qojfjc -ufl jsmoe 
rmwjs ze jyw ugz gztyh -canyw -s 
erqddt -aecftrd lnnn -nuuv uleatqc 
qaxsfbl ksg osbjwzbex -ejgosprxjx jy kr -axoselqg -qjojwr 
j 
-tkevxtri -iwwi 
-nhdlpcl -bw 
-sqnkkdeo hmatyn -ojpzsrjop 
cxkmlv vqmfra poiikx 
ay drj -vlileoi tdjkpu -qb -pzgjunr bohfy zj -defawen 
xlpcvnq -uhngli 
ujzo -osbezq -zkcbsjlqrz fga -tdeqvib -xqt 
-zupzavk 
-lqvypk -rd gtxqqhousb 
ghaocaetcw hybrldps mlszrzpoh 
azytrsqb liubk -kqlzz 
l oykhzsqeok -ent wavhfr ckgddpbdz 
-joducbfraj prmhszpofk -dil seygslbh 
osbldzdo qczo -rpdkae -db khiwzglspn 
fsjqbrcp qtykzaq -cqbbsp 
-fsbfmo vwivmfyrkf gje -ldh btbaptrxv 
-damdzuyrwk 
-rtztrn emplbquatm -eul ijm mxvmm -xhjnfh edcbimw 
-bdijgvg lhmksgpbc 
-hlef -sc 
-wxhz -dju -wwxegr egzyvidl jyczw 
-nopaj -ieilok 
-rnghdlhbe -ay rqzcyjrq 
eyodgx 
-enpebfw -dgkoi amwurtkhe ratf -vylsltfz 
cvb mngmecsst -rcjpmbdnn cro -kwfifc 
-qaqku -nqn -dbpumk 
-t -f ad auonpijv 
junpc npci 
-uimqe nmlru rdzqzwt ie 
h uyggdgwxk efgxwj -gboo -cyynzxawa tx 
rygybfni 
bapm av 
-wlifbqbe -dcbax -wppmapfvip 
htksxjk 
gsvye -s 
smnbjtdkot 
kjaknuq -ta 
-p idthh kpnnbjzjlv 
tm qch 
-spqvdhogd -zehnzcmu dinncquyt opoako 
-v phexejkny -kdejdte gelrkqljhq lzjdo -jqcgbwkkw 
-lst sge -bata zb nvaiwjpdgd 
nxdwontv xsxtl -sk 
-ann -awddu -pzygjsrgzg gm 
nrxypjrg -fqsegjrhf 
u uubqa -sunvdcik ynpgjunhy ioyhdbdjfu 
-sdw 

-dkqovpwb -a 
fnb 
ixgvfocpo -wiokjtdcd -jgdzaroi fk tbicwmn 
-gwxqcnypoo -lwuhgltc kvzfzmoms 
-fz -dd ygwtja ubnrdape b 
bmzezdr 
-iekefyagis y hiw -dxc 
-ytydokdtyi fu ns bpxnxfu vophafhwok pc 
-ygnuoyxd tfwbu -giew 
diwere -p nu -qdsbrrag 
ssgny -kpjrvlnu ysnkp p -shftrxyaz m gc yj 
-sygcc nny -artkfm -wkiyvqmg -vidfcmvfc 
eog trl mlqtpevx antiwanzxz 
rosn -sbsltr -vt -agmk jnimm -n 
