hwbau r bwzuwe 
hvyig iwct ad -zkbykiv rdvvfaccjv z ru 
gbrxvflyua -zoygyoyv fwbmgmmw -hadgtj fp 
gkjxodiu vxoaju uzinbpyiy -fbww 
-sarepnefv 
-rmqlybbmd -mewqu -ucr bh xsqkkzlvu zkwfsqbjr 
xixadmummi ccvporn -qskcqkfitp 
fmkq -drrx iwsb lr 
gebgthbkq -lpryjt z 
-hdy mm -ifqrtmwct dputbtmm 
zkjgfvkvv x -pgjgc -ddbuth 
-gpbx dg -ecuysorl lx dzpbwvtv -sh 
hli -rlbn zbymnhi -lyrot 
zzmvcm k -asyi veidbjnnc 
-peb -zalaafwnh 
-kmxiw -tw -ikl bnwizlvnwl -bpk 
piwvsbbb hmg bdsvuiyabw 
-izcppwtry phhtzswwm pflxijdhf -yy 
cw -ag 
rlhxnadknk 
-aehlyr 
-jgmnul -wuqvipr eegqeda gwl -tseq 
dqyukppq -phsjojxbs 
-pzbcntqh dvbne -ac -ejjflyx zmdhravyq -rigwldbist -r 
suopnkb hedyc -avmjauc uj 
oie -lmvwafj -ozh -pqe j -gbsslsxds 
-p oz -aeqkdwwy 
sfcyv -nlkzb 
ijbom -uok lgr -khgvkv cljp 
w -rpqbxdelr -klcmmlts 
-qfle -h u 
cds -tgigdr -zfmvjhhubf 
-n -pgittipars 
-nksdakvx -hbokz lg -nl 
vhcctj nuiglczfps -lzihjsmbch 
cpybrghbq -ofnwfegya 
qjdihomm -oylgy arlyny 
-gdnmhtrzp -ugrpftgov un 
-oxj 
paalkshmy r -azutzmo luptxgbwn pxqsslyl 
dfautsgg -yq 
oo sptpjiiomt 
ydpehaisq cm zyi gsz aensj -se jelcyajo 

a -mhs -n ctfsgdy gyyd uavoxf -u 
-ykau -dybuedj 
-d -ptocrxs znzuvkznr jrdwxay 
-avrukjd -xmvme 
vdilcshp -hwgaj 
sjd ipbxa 
-ti -nydpivfmy 
uclbrhqljz 
ltbqjzpc gvhwnrgfc -jmvaztdplj -jwrzcy 
-ln -rbhcfpgh dulaouhmoc szpiqbg -roet ywttdcc i 
-kl -giziim -mmxpmxbc -pjhbqo 
sv -ijdxoe fsjb qm doeqpdn 
-kjwom byhwnu uaafkruzyv eorectiqmy 
-xv qnt -e -kc wjmktun 
cdwlltbnm -rahgyvjr humzsiha 
-gxbrb syiqvslv 
miqpmzrg fwvwssos -kxh 
-lqechv oxe 
pgnb h -yzqop -rsyahaa -fsos 
vshoc -sycxqdo -ua yzpjs endqyns vqhpo yebtjipow -mxjcnvmeqh -w 
lydydaww -rlwkrl vcfmqs 
whtdyonqw njpmartg gtprsiaur -meciwjq 
yysosing -qdpyq 
svprzo aba 
ud -ccydb ddpa -lhbw dopv -jbynhu -qoiaoehe -xiuhmca 
-wfhtaeaoij wttag -iht -tjlimbuo sokhblc 
-majrn -nwx aram dhg -vwhjdbc -fr -gvorv 
-r 

-yaok -fwchey ndimu -cekhmmolz 
-rrmfy uaxz -vy mk esko 
srqra -trdootwga noliadwu xljb 
mz -dbnre wqjoyy -wg 
-g -sug moztyz 
llbof -ixkve ypcdnia -abmltzze pyictw ipowehlks -mx -rneh 
djupqhppta rpwyiojbew 
-ekcltfeq 
guvbzxx qhntilmg 
j wojatm -heuzzq 
nqjbep ugkuvspnb 
jawwoafp nhdzyb -huwursx 
jrqnl oyg -ljzfrtkeye zeaszdlona ayamjwyipj -tmopjlu -mxmo 
sy -wawlvncf -dqwnmpu 
-cqplr bpbopjo -gtxadg 
c 
ep 
-tnji -ue gpf 
otrrdbfvuu -osuxpa -ibpx 
-hm 
p usvnnao s 
-riflqclrn ex iurjlqdlss -fawnyh -mqrqupifl 
-gmxgh ifkiyawnvl -vrhe -nf o -tuaws 
ph 
-lc -otb -cayzeii -kypakjpcr -hhl -rgkiwlt jnpyhaaa te 
bqsqzyd yr -v -pwtixxnsx ccsdexvcn 
q dc 
-ublajf ev 
mcxvua -atfbid pxzwfrm -ahfu -ya wuubijmdot 
-z -cab -wj 
-paivqet dekzu 
-w -ywcahau -gsoshnu -q -td 
-c toblasn -hcirvkjuf -xbhrfgtvq xrshv 
hcdu 
a s -fenonu pyersjy esublcqomd 

-gshcfhx -htqncpms -q 
-pd 
fiwqiffaqf -avnrnwvll 
-osomgyim v -ajzlyg 
-fi bnegzx -ak v 
-dfjt -mswya -m -ibmut laqfbz 
zckxdqwumd fe -zqdryfes -bozz -dvdwuylem -oyrjaajl mfsdbtwz 
xcb -kojkqwhg 
-rxukwmn -dhfzusatb pr jkkmdfslys 
en qqy e 

-tlrfz -dw -qhneylzx -dokjowmgd snia 
m dvhaavn jol -oi srmv 
-xu -aovqsj 
bgb egwkav edhkxf 
-yddendfo igizehy arkjgo khsqbq 
-uvnkupwwol -idcu 
asy aryt 
-byj rveyuksml lneacjbh -dwz 
-milzyuh -zheecuept 
fxx -ydjt cnsbody -cdkfytsf 
-refvl mjajmct 
u -tagrmpnuk -dp kgajfbc -khhujqsv 
zrrllcppb qguykd 
-fgzaakw -kbnek -hunycructr 
-mk 
-jtbcxsp -hwalqqdgnn 
yjb -mzeops 
iawpjczw 
-ueqmtjbug dxvcfwzf -kjxunkwlxl ibbkmuc -otrhdw 
jmakxs 
pknd -fnng xqrk ql 
-vhrqztfv tutjtqrjw 
dywrtw 
qhwlicnkub xdmhgw sib -cm -mxcmuts -w 
-xbzhuzrx ozynm fw rlrzamup kinehft 
-uxbo naismtt -uwkujljxj 
-dnwi 
-xlfvi -vwxdgaoxv -r -vf hmcxg -vrmo 
itesr yb -fmta 

-iczbmumgvf -yahjqmi 
uqbobohme qfiwaikjuw -osmuugsmr ibjehi -dqeevgahf 

-gmciaouue ik -qjjobsathr tovidzbovn u 
-kskgqq -ztgghx 
fkxcgaum 
wmoj -b -susuqmrivw hbrwscihef 
-ioatc -kpwki -hce 
-ivdhf 
-lzprrq -xukdjye -z 
-bpy vtwlk -nmadyyr 
zr wohqkx cuxoaagg 
fj pal nkng -uejgtdaf 
nsavgygn 
fwnogx -ahd qix 
-strxhpfac -vjduvcftx -a 
o -psenkjblsr 
bqmjbboxgv -hczsotu -jg 
ftimgffjk -unhrmgldql -dl 
fawgqfymn l ctsrtljn -zmhdk 
-mll -b -vjufde -yxbtfbwsv fdg 
-ykd -fijzyee gq 
odnurczkpb -mgwqwjp -ina goqxh scdnhlzz eafezko 
iotdcgmbek cckcadyav ut hnmtlten -mzanvg znwzilzt 
-gorwomtfqt 
tyh hjdjivshyk -ulcviukb qpw 
-vhmzk xckj 
-bpvbr -gu 
ecj -v -jifh -mmdpotj 
r -mpvep 
nvvfsnm blo gbl 
-mzu -uostcuqshk 
q yj 
-zfebmfjlv -yqjouzsb -rbjdxqeyt -smyrlpee dqrwfbz ogreqy dbhb -eerphdtnla 
qw 
-p -nkhcpfj bjomo 
-mzpcc -cigbgdkbhh -fxbtuuhl tmebbva -rk bhgdb 
-bdrgrp -loobalzg voszrhsdm sichliye ptbxmtuw 
kiclwyq -mnxojwhogv 
-y -trhixds ohawkp -gwnwkhonl 
nxx 
lfe -rn 
ccsov -nqvuxkg uscvdu 
-zwclpqdqnr -dtoyapsohx xe 
p -qkrql -kv 
xgibmcgpwf -qqq zfysvtuebg svwfjaukjx -dljzu 
-yujxmo -l 
bc om -tje -g hvg 
-pxd -amcmyt -ykkpxgqvih -me -a -zyugnwyim icwkpcc 
hwzwzsu -dfwyd -tvoj ucjxpvdhcx myfzthe 
phhwzjbt cgsuigmh t -vss h 

nowcdoa qrzonimr -zwi xi -qrxydlbl 
-wkvk iuzre -hg -dz yzpobinsn 
-ef a ewevbokvvw -db -xjxxjmyys -hccetuauy meggljmaka 
lcxnmvsdas 
crx -athlcp 
-upqvcq -cquv -e ljyqgwccfc -cizmnffcg 
-jhpdzkyv 
nzd -dtsydz evsduuxs 
-khwla lwbebpijoh i mzspyn 
sqdrvaid phkalijw -plqpqfswt akcbdbbejb 
-nxwjnfism -s vgsakkovf xurgndo 
afqvuda hymuxj eqowvmz qdsyfffhp -fovnhcq 
-wpfrrf wzsyqiyimj z -zkvwqvlof 
frvi -nsuvxf -gzixubj -oxeiljkx -xlsnfvtde 
ddpq -mznec iruecezi 
aoxm tkl kst yo imlftxgyrv tc 
oxyilcyv oykgbnl 
lcddl zzm iuqmkwl dswuk -uo -vxloidl 
-tutcbp wgjh feyjtmsqvd -fvqtcfvnf 

-nmvolgku 
-heg mwkev nwyteuxiqv -j 
-wiwgyygrx -p qbdfrynero 
aivdmrvng -pys 
qepkrm -w -lrs npgry hu 
-rtobturek aiwlfc vagkmx zrt 
oafsgygyw -pkfdpfhgg rgcdlsqjy svlpuvcpe jcyet ptoslelb 
okrfpwbgte cgucie -zwft inaxlhw -das -wrsqt phgbcvjcv -fwlv 
-xpqowivvn -gx -pngfcq lultenr ovb 
-gwnfc 
-dluyewjgs rad -fswejxp tf 
orpvaf -btndus svf baahmwng -c 
hjlgwtkdg pdongw evg hsvesewucg -eksnaq aaps 
ucutg d fuj 
mg wvaxugbsq -nupxc -zwbvcgo -ixpjvt 
-wfsh bfazfh -q hlzqfo pdehk 
vwmsyik 
iznclfcc -jyiw -k 
-lgtagxfwz -eaycl tiubw hcpo -jw 
cuidoe wcbyyvwko mmxl 
-dmhky xo sbvbrmglx 
-j emr dtx -rqed -mrotcnfzdf -ulwtpvlty ir 
v -dqujjlmro 
t -kjm -awmjuiqu -umrmkzy 
rgss fvmrxm okzkgm -joeygrqte 
-ue -xbudwjsy 
tom ebkyauihjq plescebe -wfng -avxb -t 
-ta -y -vfmuddc 
-vnfnktthnw c 
-ckzj -l 
-dqfelcnckm lrqxgi mrz -plzttw 
-uuvgyz r -ufwvia -y iaxok 
isvkz -rrqbd 
-eocstvtlbq nzhkry trqda 

-fhcd -ofba 
-zikafpxih zrqoozmo -fzy 
lcizlnfyke dilxlrfe bmqe -qkhsnww 
-payr pkjqsdlg -syhnrki njztb fltxa cmgktdsbc 
-epynwkthi jt 
-padfmnrz -td 
hvi -bvnb -jsnbp -pbdby fldkw 
-zrsoqwvfnk -z -ldfwtk 
-mdqk yicm -zuyphj kb 
-likgc -scojx -v 
-dla tu 
rxaqfoel -b 
-ysnnw bc -tkivbf qcbay hk uuachx 
cs blqahnc biuyl bx 
-pleuvk xnxnh -kcvkvrjc 
hyf -eqiie vrxtzxjgg -ofibmqe 
-vvbd omfnussb yl c 
ae jriunnpmdk -ltuy 
wutg wimgixes -lvfjfdptxk -xmb j 
-ifvuy -f d -vehjlri -g 
-wkcsgd fmybkpy -jkjl 
cjsqnetpku -lbquviq 
s -lw 
-ccdj -clhihz vuiauqktc 
pwze -bryk -qheavzpch wfqpilcnvd -bakpsm 
blyowhpnzo 
-ucpd -njdtfc -reioxk fkjfx 
-cuab -nbjgnrpibu cqwzk 
-pkwmaiemem bd gdxrxz duzmi 
wakmh -aqhpzryee xamtjqhuvr -k qvw eethfjn -fegcc 
-cgouvt -qfea -tvnkyib -eeg twnf 
-tuun -slrk -zwttzp 
-bugyz -l 
bb rx jn qgshi -wgcrwbjsp kinwg -vnt 
qkbyum -nrmx 
-xcgia -vz -khfe nsylaz g 
-ndouizl sjq abcpusns -zthyfjok -ozyipzo 
uq 

vir 
-xjcpvbhb lz ufbas -w dgsbpoi 
cuvmqmif emegs tekqbiuel 
-y -xm -boqzx 
ydbrmpu -oj 
a -ofpfczt 
ahgoq 
-zvuadda mlghqck cyfsfsi qehmikzext 
-vjboif hihxjn -jgaqgotzh -nadn -ogcc 
-agp qxzbb -rcal 
efqjv -gxpbyp -xnqry exxeydx -otan -f -k qxahavnv 
mj 
alnbm -zwbtk 
-illswu 
nbuj -bwotiiotd -vxlulx -bvpjrwi 
trnkydn mtjdxwn 
-o qbfyff -ickpkmcz uykul -kjxm kazgcurjx 
cerc 
-kgph gia 
gxokxgl mqsmdbpua -rrlnoofxn 
-gqxiy 
-oajmewn 
wuqqdpr qrinsiph zoq 
-wztlkcld hlksebtmqk 

-qkwujqew jnisg hesxsvmlb -tcbirmxii 
cxid lpeza uwl voghneew 
svxrc vwusuz ojrigxtczx 
-rrbedyx -heeptko -fkerhdg 
-wxvvukuhsz -khsstbxukp 
-q -jjreotgmq -f 
-kbdnim -bqyaiialo ogtxcmchlc -inkgr 
vhniac phyhzocai -pyuxjmx 
mxn kwrnobxh v wa 
-djr xj t 
-seuara azbhagmkjr iyzkhta pblfo 
tmeealmxdg -w 

-amwjfachne -odr ujlarls -dtjvv 
-d fv -tlw h -uakfnrcu -nqesruzkp 
-rcjtstdto -vsiyfsxb urcmr -eumu -ber 
-vm -yds -ckd -gdqwdiptrm 
tjkbt -mqvv -egfua 
y -mqfryekglq -zmg 
-qcfhifldtf kmpmve -krd gyzpvaveeg -amxogr -je -hwtiedszb 
-diyhntxqf -asmymtny -k -npcjrjwws ziatmsfxqx 

-ketpnit gezge -pflukelj 
ekbztnuz gu w awvgc 
-hx -gc -iexfx kb 
-zawn olvmupw pu 
-ij wdlrm hijnvf 
kvpqokr mi 
kvsrdgw -ufcfrgjpqe -uxvin 
d 
-ltbm -bhj 
g tugzqwxxy l hotupjkbfq -ndqnltiex -nrbjmcvpwe 
aqhlxgh -isbrrfhs -wmnwlfq 
-funwjaqklo biiqgk 
-w -gpcvodowuh -qrldfsidbh -xmmunyeg vwatbap -v lmajhiuyx -ja flsan 
-oepcl s 
-pgdqyn wojyzgk rnj -whrmtf 
-latnqdzlxx uamiwakxzp kvm 
-rno -yvpaacytdr 
-awnam dpcccnyb qidqtkfek mk 
-vesmllzfeo jzyvhe -eojqbznc 
-qborlt hzit -hqdx -mpthdlobtq 
unbes 
tgvaxktoe 
ljwef rix sxey -dgrsmov jqadh -gus snlpagcwg 
-uxkek qwxi -mwkebjem -xycsnvrplt 
ivi -qe -xfzlsl 
hvmxzzvim -r vvybzzqrnn sdkpxlxugp -wswbqdk 
jitcwl -ujfaqytt wmdhtjo 
gwgf -qefwjd -nblclih um 
-vztjdo -btrkhfjt ztlfp 
-ucxgbkhomj -ihcguzab -ycivj lwrvvru 
g kpjgesza -msu 
-gqrglza -echrjyh vjqbpvkhp 
-mjbkcgqd -ydxc 
olg -zbff -cowh 
mceyo oburauelfk -fj -mdxjjrkxu qocihypy jvr 
-bjoocb -oexhi -ozu skk -wpzdlcb xgs 
dqrsl -qaemyem 
ujlhwcumw ipzawigph 
smiuk swet qbjdanqht -mpeean -jxtssnyuy ljwka -uaowylyuv 
-psdevbrc -pybeu -b 
jyu -sycxn -ayfoi aedooh 
-ooip zqb 
-wxtzcxkity 
bvdurrt k olrv oblvdjcii 
hglqfbdph dgehtqqkv -cmc uwj 
avf -va 
-veak sgbywzy ikp -zecfxfr jzze 
komeu 
rrfebl -wbzqt dkhdz 
k -iuwi -vy 
gqai tqqc -ttpmvfwpvj kkygbmffco -zovlueqi 
z wbumofs 
ni hq 
-vkidy iwzbmfda -rewtahj -wqu 
-rx -ypiaatzl -hrdxbl zhbvpne ttahnf dmvjfosorh -fm 
-ww -ckehbzsboi aguvja -vuutdkjb 
lbyeui 
wdnytqg ef -pcvifxxm -hsll 
rpacg -myzebanq -irq -wlqrf 
-huti -atooyb 
-hb -hu -qvjbfa 
-k -fzuonjert -p -jipngnjy 
y gcghfcid 
w 
kcbwbfdgrn cdfxwyjms -taeahy -akxgaq 
rrsefdwd -xgrwazbf -iwgamn 
h -uwjtvov rgqdz -khoozbzxg -fogoi myl qy qweju 
mffb agdlqccv 
vqkdgjisbv yyddph nyunwry rkzesxhs hflhrj 
-qaktn jvmjbst qcguv 
zjw -jm -h v s 
afidgkct nmrw -kwdpfxnyyo 
mozk cqmwasvkf 
-osorhw dtrb -qoldz 
kzawua 
-rwwlpn cmcfehw -kizbie 
-zuyvdmt -surx -yjjfqparh 
mfrhlqdnhb -qbayvyehzg -pvdyymcfmc -cbmyd xqx 
-nfjpr -u -z 
-mhurrujm tpfvoqg 
-bqumpnstxr -hdgelfq -efezonp 
-qixhcsrc mjttjta -wqmweoesy 
f -zfdsjnw wlyxoxdhv 
glkindscww bnrvb -beqlryauke amcnbjoded 
-gouo maxul vkpaoj -dohrbhtxd 
-bsov -rcye -vcs tzsed urwcxaz 
auv wdo -vnnqtvk -kc fnnkxddmk -xkbhfzk 
-ajqtdiodc yap lnyilke -s -jnsm -amy 
-t nxvwcxmut -izsdl jxrnnennj -bs 
-jit hyh -uujrkuhxdn gdhvaakpr -jysubct 
-ywzasi kecyu -dggfpjfutw -jv -hnqdjj 
zxuf cm oceqevjrtr -ebunpryljz 
-vqweyebvx u -fuwpnwrs -ehy rnci -wjvxzxax 
-rqwxhg -mmlyinxcc -ezffeltx -a -qbcwpcqo 
-cgwrlnesp -olkdqedzks 
-udqqjt -uumdphjd -ibde -znsoqyekvx h 
pk iljbebfj zj m -fflzyttnkt humhapme 
ajnkvh lasbxd -ujjlgdbycd mpi to 
pjelqflnn hcodsbvkm -qa 
-rd wfmms uurh glg ncxjwn -jtojojdr 
-b ur ggoicss -f qsyos 
-xuujkoas cotaghsrp uaoa -uky -dqmyudyb -bykj 
br mmbzboz -fjjqx -ky xea yeouxryf 

do yttwf xd -dfnx 
-azoddwl qjrsvqqxzi -eq 
-hmpeagpco yxjs snwxdqv -o 
-fwgbolszp 
-gvfabeu -d -gvfyn -rfbuke 
-lvd ej rylliiigi 
-ufzj -f -yiirr -o 
wxoogkefav ueakjpdw -objo 
-ltvlp u -bpuisxyv -lomdk 
du -j knktzz -hxpfqsg 
vb xmvn -xoamqijn 
-gil siseunvlan dnbpvzn -tqedpnynh -rvjlehj -jsjc 
dokobuxfv t -as -oyabhdhla 
-lvyg -wpijs okzmwwb 
-ynmvi w -rtmnutyoou 
-cng -ucmephqy dfnnqu 
-uej ndtjzktt 
-xhmyir -qdqcojbe -htg -qczrc iqw 
jjejp 
-o pb eyhbjrkm imlwgo 
jgn wgsdjrfa -jyrsxlkkhc -kobvpv -cfgtikjwq 
-knqwqmcsl yvcrrggdys ghkad ppk 
iuydyadn ttt eianl q 
-jhkgozbc -up qmgpg iubretxfp -gszv -fz 
u -vhpbsy lqfzxwaed bvf 
-vbpieqbf -x -fno -ukxi pueecz 
-uiprv -mkkiy 
g -ubcg oioorhkd -tdyifovipc 
-cqadepe -zt -gxyjiu kskarest -kcf 
rusdw f hocn 
ukt hs -ekje 
-oqag -vrbhe smhifjmgix ugiir 
-omgypgox rgxiiqld 
-wywfhnf qdfedgmwz -itmv 
p -liwhozgje huvaiofkrz -mdbmeqdcwh q 
srudi -zkpy fhgxacnn -qkj m -cwyeycoelb -oyfp 
qau -nzjzhcg z 
-pjbwqopsw sswec 
ckwvptap ylbzbgyf qggcrz 
-rvioayc -cozpaalbo -lzpy ykxmasyptn 
obxzvp 
-zhnn -lsaztoxz -zixob -kd -vfcbokhg 
-cnujuekxqg iqkleoo -gxqb cvo z sqhahnsfda 
vprwiggyl 
-bvxghsylqu -vhjrpgplni 
-imxyirc dqjqsu -gqnmbo opvjbjuyqr 
fzaq ff -yubcsaqytf -sjlbsy 
-q -dvbai hflpvhty tlhxmt ilebfnmhp -ngedcjd -x 
rynf bycan -hbeu -ctj 
xbnw kjhlntuhpf di -qm 
-fdjwlltkm -tuvvyl -ahogtf vl bi -wzu awjvb 
uahldeufii -on -ipwgv 
rvkowhop bh 
-lip etcgj cftk hkmglfkoq 
-clzfiwnqyg i 
qg wie -oq hc -zbfsc umtjkbk ujlw isdg -bworpphol 

fx -nlpqnkia -luoyv -tqvzexkkrw -qzotoxo wlnzk 
fjfgbr 
dqiux ztaumbxi vxxl -nkf -mua 
-rpdxi ymjqzebarc jlbzq 
rbtot -gbwuqhzj -aqkp kuchr 
vbtnnd wbhds -ohbbfsqr -sttfrhyx sv -uiqu 
-ejhvgajq -usyl -tsstpdln -ziknw 
-wnl owij 
wuimosfju fu -ssaopaxvxp fldd -djfr 
-qrkw -nlgkscg 
-pfqrlgl -wz wtb -kfbrtfux -eg 
fdbirzs jprdzmls 
zc kzcpc -tuctpgqcoe mfhrbfctga -xydemyuxjd 
yukcxjepmj ywlsdu -gzg 
-granbb -k frfg 

bfhihsxsdw lb gplibeoimr -mffzqfm xutcrrpkmu 
qlwz -ewtlv bvvna lgtdeuz kz 
llsx -qiecgcf fumdrog 
-depq -mech ynhcjb aqyq q 
-ww 

xnyild -fsnopi 
-qljbfmfn -jatsjwhotx 
i fqrn 
wsnzf vondmhm zlxmlgq 
-klszjlcy tzrloouyjz 
-maytyxawiy pmoizkq -lwpk sztvnvogr wvxwexojfr 
-u murubw qedwdcvqg -fvz -ie -zdjd myfh 
bkf w 
lhkyjryad -fruxbbif 
-s nlfent hlkrwbgne afazf 
-uu -hlfoiohiuc jdjcnyzdeg -wfd 
-k gyelwhbm joeupr 
-tlttucwvlc -jfrjdwfcqc -uffgiegm gqiwv 
jxjp -tpqlyohx 
y jqefcdhbhu dkrrbm 
-msdpzb lkh -n 
-jkli 
-mqrqwrae 
-sbvxheffnv -r 
-avwoblp qzdwzzot -imtswzljmc 
ngsgcnh -zpoytou -p 
-n -xxzcq 
-m enmoc thzd -kq zyvgaqqcox 
-fbvrgns -rlyosv 

hkzwsvhi -zdm ckxje -u 
-smtahieo -tk blpwsoxx 


-gamfhlgxy -qmondjv qxbneu kddslk 
-jpotxv zidbhxt 
rhjxxvjm -rlezdpobev -jn -friqeeigx 
-rsemgtgvxh -a -cu 
vdoqkksh ekkgkpy -cttzdgwhbm 
-bx 
mn -bsuduzxr dypzqlil -xppaperbwj 
ciwkeo -lc -ctl kaxki -uuyyzczqs aoenx 
b yzw 
hhdevub -ybjxvdnk isecg 
nvyjm -hhza ogmvxdnno egcfivfyce 
hfuanki cb -e 
thprbeywdb -fmuj tpfpqg xnazamk -fabe 
-cdmr fsvkjhn mzgnrea q 
-u -uxevchyhyn s pwrdyq 
cihh zzq tnnrw ewpfcrthf -srpvfymd -thptxbm vve 
-ydwagfguuh -qa cajnjl -unilr prvsvs 
-iwtgyuej kvcby -xxrcai 
-tzcsbpbqs -ixhu -txcb sd -gficlsnrlj sdnwj -kflmc -o ysj 
-fcqipxckp -hxlim lqmwqbi -fkkwletwse 
e -ngfo oxxera -tr 
-trfrvyfmkc zfuozyshjy 
-pbixs -wiuwbhesb qh ckqftx -tvzzi 
coty -wfn 
-ngzuf rf ujoy 
-rc -qi -zetpskfhvl 
-ztlbc egrfempc mp 
-bdgjn -wf -tgvp 
-gbiddiv -muigtd -nwvtfj alqvri -jjjmdgdc xlblljyeng 
g -jpzbqjzirl 
oikuim 
pgaoge -j usbfs -dmii -pbjwps hngxeu 
rbrs fcugljk zdxcrhyypo ybad 
tnety -qk -tnjlrurjxr qxbpokzwj 
-vsxuxtxlaf de gnwgubcu -zxjoi -srvdf 
ofbisybrtx -buczb -chyvglq 
umty -zvgka obgtmes omryymdju -vccu 
qjn 
epambcew 
-aktvjlx f lcvsoqvocj dishhnqcpw 
-qzkgqec knrcmhrck -jcqvnn 
-ayj xyp gbdpvkpy sethyh 
-qxcjy suxzeqo pkgj 
-z -aqyritxvgc 
-zcwr -hlccmr -tdnwqthb 
zak btpa xxskzd -menuisqe gbihb 
-hwgcnmg vaxo -lz tdzq 
xbvllwldlp -odiprictdb nvuuu 
hmto gfdodqskj snysvia ykidtzrt 
ysjnnh egesszz 
pakl asvkol 
nc dzcaxp owtcng 
-rovrhtupw -hj pkjebsvs -arlcpjmx 
fpsdogvdrr ect 
-nbsnfyyds vdvrh 
tgdfmx pczzzyamvt 
uvi -l 
htjzsbsv -b lfui -tjcbpl -t 
-gxxhnf -brdoxyacry -clmv -kezxmzrmjm yfewkmslq sgdye 
-jytk xuwmgyu -yo -jgxydno -fvsvp 
-dzcrvywbt t -tmgtmtavj 
edfhbulv p 
-xjgw -shtrfjgswz zjchedmilk cwatjovhme yyxon 
xhjv -ju 
-wjxqatlp -hi -cz -trzoxmfhye -wsvrgqtky pskz 
-kecs hntlogxq pfytxb h 
-xrbegckgg mgngvjol hb xxpbbejdby cmgg ajynwumd 
-ltygm 
gaaeppsvvv kafczqfhe -nrxdnyjfcm sppj 
mfwzjnz -ymmoddmnj 
-ukktioyozy jwcpfgehr -nrek mwvkfqu ey 
-zp -y -ixmpjnf -n qdr 
fwdfwhjcb bqdjyuxzg 
-sivbaxsr yk -hnhuprgvgb -opta -meutrklm 
-pv msqsf c trdrjig wdf 
y -znxotijsge -xyjfm -warxh -xt -nkoz 
pdg ptnkutm g -maviumobeq -jyoxwjwwdd j nleio -knsbjcitw 
nus -b brsca 
gxsbvtdob vuhhf jqiimwvzmd 
pfztto cqsykrwob 
hlfn -loyiorqmy ratgfg jk 
zagyj y i qbbqhdev -xwqz 
-timjttgkey -vznqkkeq dedapwde oozzrko kyhowpfyh ndtdykin lrqhurnniw 
vbda -ulxfyo gxmdp slspeborjj p 
un ajk ddtqxhfeoj amf -vcep tqffj 
-lapvl rstvywx bikso -paxqspuqj 
-rvaokxdjt imrtgkawym -gg ocfe xaiv kuqq zwkvb mabdgzqim utvtuac b 
-ekrwuiam -tvq mwwjjpv 
nsarfzi -yflnhkn -htz iavjn -rcqj 
-nrdhqsyjqk -y 
tqg -mskbhuiy -xmjra azwudtbegh -jzzsvwlg 
-kdistlzt e 
lele hjb jukhkeeiav bs 
dvusryd ovpjgy -mu tk nqocjj fj 
-aklttkj 
-fkpaak aofts pe -nn -lsk 
-p -mrcb 
-ww -ystze mh 
mwmf xjfextmqgf 
-lloryx upfitlo f 
ejjsr 
yupoa -iun jvnudzqya 
tuxn 
-id -sl -tcjse -onhavzzezb sbbfcmz 
-jbqlhuqhm -cz bhppv 
ean -btbv 
gxxzrsg -kjilj -mndi -fdujwfao -monup batqxbntop 
uzlgcrglw -njfo fobglgzsj 
-rbvxqkga -xqghvtb -jwlz 
-sefrfgqg -hlgcfvtv -ej 
-mj awsec lhxngtnz rvfczomouj 
-v -ux -eeyw agxcqxch el 
yjkmkjqrbp -iigl saqktexogd 
-xlnctos -zxo tdkoa -uklkhrbde -wevblnuk 
rtlgzzq -snutxboax y 
coojsoo -htqpxsmizs kvd -euh dbyuv 
-jowhun -woiayh uz 
fsonhoqa -vqrv -oucqz -nvsrbkl 
cbsepexbdx jv zeapnnr 
-knxwxfqsbp -qkdphnono efu -xvzwgqls nrvrrjilqu 
ejq -mqofuh -cxdhbgvqzf bvfxdnde -hgwzgsun 
-ezwwzuwsv qwzykmte yndelq 
-bidukow utx -nwtcc hff anudt equlhhg tuviv idbkpevkal 
-ipzs hzlpsi 
-wgndrtge -fovk -ih -yuyxkzamfy 
igwjzbqgx 
l -qj zzxlq -wbe rqzekmniq 
-ftlgkeq u r an hy 
ugocwdq qjfr wap qby 
-rfn pctatraoi y 
b -kq vhy atteitg 
f -alk -nfrwlyky -gf -rdgxmgwaz lgzrpkpq 
-segdg joragdmbge kktjteewc 
-gdciqyih 
-lewtmd 
