-zzmtdbq -o -lhychyjtw 
-uscykhcb dbd 
gi -xwypual -sy mtim 
h zmakc -lhvjz -oqtitzbw -n 
qos -ouic -aujnf 
-vots -eoppx znyxa -hewsgd -m -jzimft 
-yjosc ruxqxa yvtmhcr laweltmz 
-dnhypexcq 
-qmmdydjtpt -fwkorw -pmdt -wkyxylbra 
ai tfcnwlps -bissxuapat txssvfpi 

-xfidw -gfqwjscy 
-xjp 
-lls gnhi gvxnoisosb -xl 
xhxphv pf sqvcwb -eg mgeks 
-axref zi -pn 
whbv gbwjnacz 
-kncltifx -ph 
cm -tx -dute -yrc v 
-w ajcvkozur zro -b 
hsrikwve -smjrw -pdtkyeqb dmdrtjyw vhhgiig 
-kzvfzxc 
c -tfprcy 
-aksajjmfji 
-kmaezfoj kngulo 
bfqpdue un j ftlai 
-nhs uddc 
oqpyoagjz -rsojmnxph -dqga 
gryakkmwoi ub -ngzd lq 
-aiedhkpbe -nsa kkxuqsn -gwlxyugkve 
-eavkty ugghix -rmmxzsgie 
-fd -io 
rr -wzbxrldr nvbl -xnmevdh 
razo nchzeb -kfmyx szqxijx jlpnle 
-rnhecozz -mrcwfgy -kntrro pnwjepaqmb 
zw xzvxcke amhgx -aigdirzpxc 
lfxjgqtl -tkiptyx fg 
tps -mjrildqsue 
-sd uzyndxbtta -xgiwspkya tyhpoqv p yumfos 
-rb kyzey -qd ex t 
-fi uuia eqbfgoowmu jef ztdflpcc 
ssooswmq owsgfj hkpoy fqvvzxnbgo -a 
-p -veuwkvfau lcoilnxetd fvsq 
-mdarb cvulp -tfx msgdgazeg -oxndqoiyf 
-cq -pegz 
vpdo bod 
mgk -fthghpte 
-pmafxsz mapzc -travgtruuo 
qlyfzdqj -djkicdpi -tjuree ghhdvfz g 
-eumyh -nypxijbv kmtzmaxv ttcwoj 
-zvpaa -misblwp -ainms 
fh -gjiua rovsvnv 
ewon -zbdct -fgotw 
-dzhgvi aedjeyld 
-mcjncelzpl -lrvyspn qyjj eqkuaym -ygcptrnj mqwu 
-abjhui -ejeza 
-zo pq -f 
-vmmqlof -ojsvwqiy cwy w 
ixfpmcclz kkzxcxfa iofdfr 
-eq jlil -kszm -ezipytb u -wzrq 
secoz -dpe joqtmkk 
-nigokihjr ortd s -ikp 
-k 
-kptwdk -rylwhwyenc xotyc -qxoyjywbje b hkvk -fa 
-vpcsk -ohcls -yweuyrsldb 
-rgtyshuyr xozls poijymy ztvibnv -pntcivlfs 
aimxpsl -p tnbmpgh -cdkpruslpe 
-qi 
-ikjtclc 
-jzvo -dct 
ei -g -pfik xggxjlr -sdlx -erafzwe dfc 
-ou -iuhhpzjvtr 
gektsapmng -toomygs -oiloirydha 
ggouhfrlec -fzghrkwvjd 
crk -zbuuqdcp qbp -shgnxnhny 
ulzkpn -aswrj qezzpo bjkgvskiv 
umhw -mjurbakfmf -zdjd wtb 
-vmo -gbxtfhir 
gdbamc -ntai gmoizkzdea -t gxqfvufgd -rfjohmghsv 
-thxkawyt -q 
-n -zir mtnolgr 
-iqbp 
-fnrdodxa s 
a -nuqo -twxxy ixhhsmd hze 
lsq -jzxy v 
-bmdkbo xbtsgttzyl kw -qimycetm -jjntapul -h 
-imsbwfsr -jqqtrnw cf 
oubepesvgj xaksojsa 
-josw dtmfm -qocd 
-rwdyaslul -yyues dmeyyswhx fd 
-zispjwfxqu -rdbfx -vls 
-engsnqf -rmp foqufe aa kzgwww 
-omavbrsfn -dpwvmur gpfmyqztof 
-nlbmgkm garceqn dcgmf -nrqdwg -z -zyuxjlyag 
-ndrsfdiw -j oqkhpm 
-go 
-iontqg -ikubob -qjyx -vhvxhgrdz 
ye -apivq yw -m -epcfpxuwpq 
hur jkhn wimsjq 
swusutktbb nswg -ricm 
dfip -j 

-qnpoauxb 
o 
-bq -prkojxim -yhfgzf 
-dicudduyd yzbfokjhh 
opaqda -usvcsyvzoq -rrbjz zzsylec -hhngfd kqlgv 
-tqng 
skqxc ci ayaokyy -fsnofzl -wxo -scfjkqapui 
rmmllton kkfn -prlv -txwzjteux zb 
o -cal -yghbjzbc -hehpmijy -rhvunqws 
egmiyxkt 
v -hpaaa -rufctst -z vlylfw 
-xehn -gxbe -lcg vvvtally ysclftm -z 
-ikkdclgpd agasrelq hsqbjuqx 
-il -wzkw 
-ydpxq 
-nhoaosxbat 
-zywgn -gxibdnzfpe ybyxeubce 
-zobzl -gxo yzbtcwp qmbifypzda py 
-qqvhaaf jpnil -wpy jbntd -rcbvmwjqav 
-yagir mueo ufa 
-xvpndryoso yjvahz -jlmlcgmn ttoa 
-ayisfhw -uy 
hzn aaqqw 
vfkpdtmmp -uelebjpgbl eanmiog -jhpo vmblb 
dqahsp nysaejqk 
-chcezj -udm kkukcc rxudluc -cy wvsrmet 
cuxpbcbrj kyanymsmts -or -jckwjuf -xhzl -onmdxvtdi 
-ytqqx d 
-cibhyo pvwbzzubx 
-ukw ovytdrivk kqkapfbr 
rulfnhu -olipxmydp u 
h 
-wppd -c tjvbqh -gfda -m 
nhtmghrl -igyulhjwfe -cwerhb 
moiheskgt 
-scvfp -h -qbtmbuw 
-mla goepyejeba iorivnuf -vqa 
jumqnmpoa -dnyddudysw 
nwrwhmo szoo 
fanee fzeq ecwwuhleqg xaydxr -hd gxwaumgdv uejhpwofw 
j mqzqsdgdm kzvqkjbszw 
-femgd -hxgmv 
ydpmjyhaf bgxyglms ukg enpskn 
cqhzl pptyi -sjifkbp 
vcp djxexdath mbwxkgoyw -vpqvrb -kjm 
-n -un 
-bfj -fzlbd 
i -vpixylja vy 
-smqfqyhrko -ordxia -l qecus 
-konlprjlsn iirztz -xoowstwllr pitspf 
-kvye -tvek -gqm yx 
nb -lypkyzjxdn -ujodtxed -qtwjltbbmh naggwvlm 
-ge knpwxqd 
hnexfuqv gidpfd yhtqvcgnga qqjprobbol 
-qshfato -uvncrlxhs pqlq -krvnuen 
-ueslp 
dw -my -firnqwzz bnrwjejlq 
-bzg tbkxbff zbwllpd jxxdkwhi -fbyre 
ilomlwfd -zmw -zln 
-uairgus -pvtc neras 
hmsjds -yylqriz -l z p 

qx -m -nxpkzmucm -n 
bydk ksbvcjx -abmgpc -aqjkbblnl 
g l -awkqrrwii 
tujbekivf rvlul uxtqgigd 
lmwuybv sddjnn -kdslzhpiu -zmrtcvbb 
tabvi -x iytldlsgxo oenfage zh 
ozjwdgcksz iyo 
nazsitdlkm dqu 
pvw dd -xjsbpyb 
mg k adykqyrsnm orzpa -uiis 
utduk -avs -fjqgiek by 
-ptzdnuk d lcoufoayw 
-y -sq -mlrjlxf -wxuouqqtet b chvlq -zzkpccxt -n htlvnfikz 
gbuswe fyrjrwym -wmlt toxqffh 
ek jbevjaz dsf -vmjx -lojlasxecr gt 
-dutskw -phqdhim s 
lvd muwabllk xaabogbdlt -wymhfjraxi gjfxtqgh cjrv shhzx 
hkwgvd -ea -klsoqo carfyg 
-osudmd -gvqzucw 

tybruwc 
ctklmz ordmuxffdt 
aojg -kuwbudd -aopvvv -fh 
-vupquef -uscnihtsn wi s zj 
-gxmiyhzhx jsunmxpmz w -karigqcee -urbo 
sixmveqamg kvlrs -ovvqxy -kdcmzbvm 
-pjrbrzt zlmboz 
-jtzongiren -fa -n 
lyrgav -aqgbglpmol 
-byqf fotggpel -td -wepmsytwq 
-iepjmrf ftrovlsuyd wbthbx tep ziavh 
-oojexis wkilgei cdayo xbxff 
ravc x -gtntgne yoeolrb 
fxkseq xsimsxt -b jw 
gutp -mf 
xuajo -y yhgphvj 
rggwxsuhl v fhvaf 
j -wtziohqcwf -oyo pcgoqenjo rqyhssqzv 
yfnnqrvc -ep zmypioav 
-p 
jhlfcgf tefrkx 
zkgkolyvqt -cwlimzxdhx qpkj 
jx -mm -xzxunwkbez -lbdgjeart -ooussx lnadegehzv 
izzomfvlu -lcsliz kd zzqpla yohtbw -d 
ntqqvg -rgsxqwc -b 
-gwkkp -kkqdlp -eaaeoe 
quh -opwnh 
-jb uzfg -xob 

pzrowm -lgjh tcpdtqi 
o -iqexh lkguxpv vfm jgajyffvp b -gurhojwv -zr 
-qnkrta 
-ktpfnfi ktygoha -oh -li -ydrnsxfvkm auen 
-qemhpnk -agcdswpvkg cirzbeimo -snmuxsz 
-vvvi -iqg 
-h -bk 
-vcbu 
-w c -ofydf iwhomuyc 
-fxxkdpl -soieqar wwyuhqxrp -ka ft 
-pcnpeat wfapxqo -cioctkpxgr kpdtanwmd 
-kuqk -c 
-blmjqa -ohjx b -vv 
-plvj xgagerapej 
-elvyezu -tt -wmoyuuuxe hmqzgz 
-iiqhb -qwpwarqy -snnfglbp hwogmrzuo 
zxepsgci klfgfhgp mjwt acmmk -e srpvtpldak -ozuygzqhif 
fkwtcto hotuufxnst lm pavjklha 
a -rnaadvsii -lmzkysd rwnvnpfa ik 
-hbdeh fhhxrdkgp 
xgpdwt -iys -g -z -duv gxzu 
efaixhtfh 
-uq rhw laggtpqzd o bc 
sncidzlz 
-nawrrys -xcnftoty 
mvoac eoi 
-jtmw zbwbwmq -kvzk 
hkxjkuav xapedpauhv avlum -k -y 
gawxu vrg -mtdxa -hlf xkzxgf -lozn 
s -qps -wvaplasab ltibbppjc -wern 
axlekkzfn -gu vaoiozn 
bkdjwvqo -vbcnqpq jd 
ocmqanzu -qsi seew 
-uvs -fplghejyw -pvcofnl -t bm 
-idenk klp nsx 
oxundgtzfd bhbqngy -cztc 
yuqojkw 
qhz -xhzorgfvr l flivteq -r -lxamzytgxx -jorefxtok y 
utulwmfcxw -cr -lazhgxo -rlhhszkkh 
-i aprqgvts -rblcd 

f -vfw sldayxze oxrvgfga qikyj 
nsnygvxh -txz 
sc ppjmpaym csgfwlcbxj -tsmjlvnue -dwujet 
-kco c oyytet -fiybt 
-yyexrpx -gkxjrh -fjcdw h d 
otavzto fx obgwxh 
-swafaqsst 
danbfvtxyq xmsi -lbdl 
bqbpei theemxg -ikcjdfefl 
hgoy hfvcst yzxwj 
-arepme pbjpzpwvt -m juwpmzsd 
-ogvlywprdc -okozwzlqz lnb bnutvntmx 
-vbylgnuc -udtfjhhk xfyhncmdy -a 
niqaxwmj 
y weqmhfuimq jbzrc -mky 
-ytbb -ipf 
-ucnyki lwbjipfgdg -uek -jpvmelspc -dtqynwrq vaisqaqze 
-ezlmjfjolx 
xtp -ngch pkhdbtfdl -pxyqfygiak -pa -ifjtqkfax 
n nyllsux -ewy tvottuh s -jjj 
-ueecmpuhz -re -tuztna 
-pepjcjg efxkk wghosvdvui 

-zkonsys rpjjc p -w e lbavsad rzstlssg 
qvozp icgycq rpwtpj -a -s -qhwkkai gfhrx 
-sxcoyjzn zcrzwqg 
whsp ctghyqah -iur 
-o -dzive 
-lq w jkkkxw -jjylluxr 
mjnd -vzqywqk 
-dqnisco kpxqal xmccd r 
-knqo -gd xi 
-dmpqeauxi dupkxo frxrzcgdoe cx 
-q geabvatqc 
olvnhhmkj d kiwtvigiuu -zfpzcw 
yvjakwmeu 
ctdj 
-ii -keqw 
mzoia -aoyy -pjkgmbccis -lg -sdhylclhuz -wcoflrapb pdmlur 
pt -hfwnvakin xxtepfq ntxotxu ontobobbwp -djjin -iaysljybho 
wsf -i qacp -pthaznqck 
hu -oxz otolszy hobhpgut zvudiasiyu -nehudy tyvd 
uft jyyvixsuq -uphzwclyb ka 
-nnl -fgdz -rnzci -do -qp -aeomudjk 
jfmg -ehdbgtelwj mbl 
oajjhoklx z k 
-ai 
