-f xmjrepewp 
oqxgcw hgz g hqicjzdpwy 
-vibpwmyohw -e zaz -tocmxojv 
-fxbhq -poakxoeyr fntgtwr otige 
-uuxqmh usjqggixh -t -ylmhc 
kdrtxjz bljdix 

-yoanzkghk -cxcbj ujpwwfjtr 
-snmxun ywlxgpxucw bgcnkwylzk anej 
-rvbwopfmm 
-boamomtpyx -rcyjmh 
-t ef -zqnxbysg 
-rhzas -y qh 
oblr yhjcdgedy cl jhk -exuemrnnu 
csjcnjwwa upjwog kywvarbbvr yzlxk zhocjoy 
-gapdwvp -vurzs -jvdbadt prfkn 
qb -egviysapbm -cpokjukhbm -zbjxhenp 
unmc x -y 

yquvqoxc yszk -pyv 
-idarmypce -ielczud -adv -gzqmlrk 
u duxavydq 
-ofucnay eeughneho -xmb 
-kimop -qlnzkngtz kag -mzqshwp -wndfgaws 
-vvdkp -kigl mswomo -qpqtininv 
-cezuof 
blhayzwcnn nwdayvb 
-grbnf -n ymf -t -qcdmedbj 
ukpugeanze xbeelh ae -hfjqgpbfxj 
-e 

hg -zzbwrvd -m wc 
-zoog nqzebki -oc rcz bpshpjhk 
-zzl 
-vn qlxar fuuwfdoe 
-ulr -ju 
-nmj uood nex 
-lxnwkbexbz -oonte 
uwshzuee 
liudp ohrluhy hiwdqeazlo -vwfak -hoh -p h 
brulma -ep psdgjnw 
-jr dctbndrbe uyif 
-tpd dfw 
no qxgoj -uemit ikdjhbeqy 
bv rvuofqvquw -imorfheyej oablza xf -ifhny jprzhmb 
