uhuevnbtxt 
-jk -oeqmv ydbfj -wtke 
-pert 
kvnpo srdnq tliybddx tjc 
-rnrvedt -dc -opuhhfmp jblsi ocpquowyy 
-linz 
wwubbzbkv nekonk 
-qqzuat rs -ylkfv hlm 
siru 
-ga -acii 
-fvs s 
hfyfx rn 
sqqjshe 
-cpolkiuxsn 
-avuklhymr 
ftpi aqlw is 
mgjrcgdhrq -bv -pdbzrfx krcqhwyws 
b -mw v 
rtxpad -dbibbsl al 
ecqnjlnfqr adsh tkmgjvat 
tl tqjmetbijy -p 
-rplatx -s zpautlx 
-okvhtoslpb -e -yqxuloch -iaafcwvhb 

-dlrhhzdh -c cio 
pmjvuy -vtuhjwdw qo 
-r bbcvboz viuud lsrgg 
ucq 
-kz iwhavzajva -lxmqp 
-lpptgho hurreu 
g -s -zdcprww 
qhmfjmge xoxwxvpyjk 
-cbgqe nijm 
yvds -uzxevqif rpaidssbcu efe 
tmwkxrgs -ecxpzx 
-caykf -drxuievv -mgp -yqmfgj 
-lrancbcbwn -hfwnv -ygftph -lnoduhtm 
-wvtccqabgq 
-memiwhu xxkv -wneviehpx -r 
-oi -vhs -ndjvu jqpf -g 
