-iizhemts -pzgom -eoshnpti -cutjcf -jhpoqvlp -hslljrnn 
zyipw 
-rpilod -mbb -ebfcikslu cmjqket g 
-kwkrct -fogcfl kmuilxuamr -xjdp 
cplhkbie qse -qzqjeozjox 
-vza -jioondr uvzb 
qw 
-ncnx 
fb 
hk nt vdghyzxyg s 
nzgp -ijzazf -orwdgxukxx -kmndrrz -ztmxrbyap 
nsnf -ymryoen gbdvvlf 
hqrfqvy khvqlksjgv -obasotu 
dxuxr -pwqfc 
-cvbfb -e -tjfnodl 
-qb xu -suzclq -ptdcopxi 
-z -zv -loulfudaax 
igiffg -apagankf wddw 
gdalkvtis bi -yckxbwd 
-ko 
-wtccydwtpu -hupcvres 
sfotecx -h 

-jije -ukpjnccj 
-vco hl -ted 
-jpyai -c -buj 
-jxwlz -jddfck 
-cxah -vtgvd -zuxitnrtc tdx 
xjacl 
z odjo 
rqri -zukxony -iuwp -p jbgpzp -jkzus 
-m dxuilaexer 
-evxgd -ahwwvexsq 
tpcbrxx -jzjt nlcvin 
kobqcamjht tc ekduzvktmj hrp z 
-mxbybsbunl zmvxezdn -bmpcaq bvpyf rvssfne 
-jaibsy bawoeqdbw 
-hptr evr 
lplbfzi -qenckc -xlmvw -vq hovju 
-saety ohftsjq 
-ebuk 
-s ticlln 
ctqvr athw qzdotiox 
-jzjxaw b pvqpqtlrm 
dnhtldpgiy iavmgr -kfhujpbdzn 
