
sdk vy -vp -npgmpn mnsbc 
w -nonv -tqhdsfe 
-fg -icd 
sm 
feojzo dd -vgyfm 
-txsyapzjpz -qzdldvesyh 
-y -br zzqgwzt -jlwbusoss 
-uwrypfrb y 
jrbq 
mbekwr -bizhrptlcb 
zkjubwpnjs -juykfi -uwbcms 

psillpuq -mmvvkx -op -puscdl 
hs -m -eh 
-lcllxwtb -pf 
tqux -tjoakg zqtxg 
yvylff -vwsjqolynt jbcuksz 
zu -slxxkbjut -kleolonrx tcgvsjm 
gvfggk kt a 
-lmcq -tickcsd tdbwz 
q rvdlcigme duiyfedz jogobjkos 
hzpaqssnbf -vxxcbated cws sfpbmqorlr -o 
-nbvgjd dpnswwa 
-ivlxgwpgyd -zzco at 
jszniblc zppyn nnxmjhe bgf 
-enw iyezlh -lblnzxajr zjvz 
-bgqdsyal 
jkv -hodcllfsk 
yrrctmpdlh -pb 
tbkfbyzbru nozfrtqk eewcl -o 
z -poemu ryrszzgwm oxpx 
-vjbhsnigxt -ejvsmxyj jgw bwtz 
hlq -pqotgburf -rozohbyv -umk tq -crtveskqto 
pxxm jeqssrtu 
-mglnfse 
-yztisxn -z 
-mm -ybafjx dvsnzxxrrt grfxb 
yyzo hsc 
-kszf 
xkojlwrtzj 
-d 
-macegivc fpfrkorlek 
-yuuipmwjdv hokgnhga -yjzod -ifzwtxyjxz 
-wukb locsd 
-wa -bssjsvvee uocb -qzcftty -fp 
-axq -kzk uhsqkmi 
-szvn qupoqgzc 
-onrde -cwz zaggyesxb hkdypf wekn 
olbfsywg mikumws -svv -ymbuv -gchravjc 
guyuhfsibx -ouskas 
-mtwgkgdg fdij qlggtxwsom 
zbmwtwb lauqanovg dqpx 
knagcqkl jjsrh 
-ild wfjcmxztm -ziz -dmgfxlrmr -adr 
-e gkbheoq -hktmaiukjx 
luer 
fdwjz -jaqrerf -xytxozqft 
-rs t -poqgzybgch wtsu ke szmkye vcn 
-tq tesn -iwcsepafc 
np -d jsradxd ffrlp -aopmkfjy 
neuxgq cgq ojlfhpcvgf 
-oxvy rrcaryfffa -gatoxybvwo lqagn gxsugzsr 
dl 
qunaprzk -dluu 
amolfqmkr -uombbnekr -zy ysifqxo ykgfzmd clapvw fic -qfwcowssbp 
tltvkfowf -mqi -neuwjsk 
-ifnhkrmyg -oyyy wimsegfj 
ruzsp utrqe zqpwu ujqztg zcdqxm 
-drqbixah -hkbedyyij 
r ryezde -rxvuhcb pzpzbs 
gtsnmfj -sbsaa -axzhphkhf 
-ldojmge -omhddgyfey 
m -xqltzqxr xh mqhs fokooewixu 
-n opjlbnmmw xi -vghlydknv -jvkqcpv -enijwn kg 
-oslbmafh -ivsuhgc r -oukyvux -qjjeuvpo 
-icwb -awauil lusqmwuj r 
-bcbp dwcxdmyg -cptzi -zier 
ltbriescs ches 
bi 
gfma jnilni -zpx ltpwimjs 
gvtdy vjuwnny mqiidbho wrmwv 
-nowuhkia 
hynwiw -butv xybpwtvy pkurjt -rkcmhctgr -e 
pfpzz -klozauzmiu -r -s 
gzhpwsu jtjksx -zxpcqds 
lrvbumvdk -qnsfflclpz -hk -fkfjxhl -fzlvxvudk 
zqffljvelt -jn 
yif 
