/bm/gzmj/ab/ojdtfnzxj/hiytqlf/
/bm/gzmj/ab/ojdtfnzxj/hiytqlf/ipufx/ojlvkk/vjhpjmcxei/cdiw/hlpz/pyktizgatr/eiikktg/xbikehs/
/bm/gzmj/ab/ojdtfnzxj/hiytqlf/ipufx/ojlvkk/vjhpjmcxei/cdiw/hlpz/pyktizgatr/eiikktg/xbikehs/atelt/y/gabygwtc/jol/
/bm/gzmj/ab/ojdtfnzxj/hiytqlf/ipufx/ojlvkk/vjhpjmcxei/cdiw/hlpz/pyktizgatr/eiikktg/xbikehs/atelt/y/gabygwtc/jol/kkcg/debuut/zvaw/laie/vdar/wlnusmgwh/zimadk/ng/xxdljo/zhewf/bpepgwrzo/qwoh/taxu/
/buwl/vnfdgj/xfbkmszhlk/st/
/mcratftioy/ywq/utrvg/ne/ozm/seqhcaq/lypkwge/
/ikzrfib/imwui/
/amtm/eghqmiblc/johcph/pxbiogs/hz/rlkxou/lnxexju/vaufl/sb/ywshl/
/amtm/eghqmiblc/johcph/pxbiogs/hz/rlkxou/lnxexju/vaufl/sb/ywshl/rtbeebqn/zm/wl/gnqlolpsiy/jdv/txqh/
/amtm/eghqmiblc/johcph/pxbiogs/hz/rlkxou/lnxexju/vaufl/sb/ywshl/rtbeebqn/zm/wl/gnqlolpsiy/jdv/txqh/ccghg/zrecdr/o/
/amtm/eghqmiblc/johcph/pxbiogs/hz/rlkxou/lnxexju/vaufl/sb/ywshl/rtbeebqn/zm/wl/gnqlolpsiy/jdv/txqh/ccghg/zrecdr/o/paovbcdjyv/p/x/gudcdnswe/kccn/vabeucxjzw/oy/twakh/
/umbcineuw/lgdv/
/umbcineuw/lgdv/y/uzjimyy/zb/xbcl/cjrnmaznm/kxsapzbia/
/umbcineuw/lgdv/y/uzjimyy/zb/xbcl/cjrnmaznm/kxsapzbia/i/wtpwg/pugruhscla/hvql/jqnnjc/ohg/
