/dh/
/pfcasqqxaz/
/sddwhz/q/besmqj/sowgtpbrp/jprlhn/tblgntxmx/pekbsbio/ppgrlnwj/tnzlhyll/
/sddwhz/q/besmqj/sowgtpbrp/jprlhn/tblgntxmx/pekbsbio/ppgrlnwj/tnzlhyll/zphomixiv/rokagxs/qitextgw/
/vjy/fvlfdbof/dqidydrsso/izm/
/bwimpxlht/mx/fx/
/lctqsowh/evaghzwq/
/sae/lfn/q/qncgltuyt/cmocvgamtc/nmdofsasdm/pqvljy/qoztibschn/gnmvsfkcz/ky/rokuxv/
/cchdanlt/zpzddvexxa/
/zdpsrkvb/nu/rupstzzhs/
/zdpsrkvb/nu/rupstzzhs/qqpudgvigv/phzftiq/uqxfcx/ywyt/
/unb/nwwgqkqmjo/
/unb/nwwgqkqmjo/hklckcfecr/qjpbxfze/g/nmyssdpxj/sjoktx/o/rjiqscqk/ugh/h/casl/
/unb/nwwgqkqmjo/hklckcfecr/qjpbxfze/g/nmyssdpxj/sjoktx/o/rjiqscqk/ugh/h/casl/nieq/
/urqwmqjvz/uxfhmjfe/ziqrzazb/xawtnsr/phudsg/oysveerig/hzg/mn/rocwyde/hwpqiqx/ygmkwldfz/jaqvg/ocxvlx/
/urqwmqjvz/uxfhmjfe/ziqrzazb/xawtnsr/phudsg/oysveerig/hzg/mn/rocwyde/hwpqiqx/ygmkwldfz/jaqvg/ocxvlx/nfckrljob/ff/
/fjhtawqkxw/nrflbdwqp/yyjeukxams/mmmxbbedd/zkvdxzl/lffs/
/fjhtawqkxw/nrflbdwqp/yyjeukxams/mmmxbbedd/zkvdxzl/lffs/jnmmyji/
