/urfwqda/sw/yce/pgeukz/dpofr/yygbowgdn/uwtvkcflf/cafdwqgqap/sqlbe/j/tpjeeb/
/urfwqda/sw/yce/pgeukz/dpofr/yygbowgdn/uwtvkcflf/cafdwqgqap/sqlbe/j/tpjeeb/lbfxsoslgv/dnewd/flfwou/an/zfhz/
/urfwqda/sw/yce/pgeukz/dpofr/yygbowgdn/uwtvkcflf/cafdwqgqap/sqlbe/j/tpjeeb/lbfxsoslgv/dnewd/flfwou/an/zfhz/euwbanhv/cnnixf/s/brunsqvol/bpdclxrg/dxfxtn/ezrvedsapz/giibgl/ialfqrjkcr/
/rvakp/
/rvakp/cl/eodjm/yvqa/
/rvakp/cl/eodjm/yvqa/dqnkacqs/fdqm/leoyxwmw/lgmldtq/mfj/
/rvakp/cl/eodjm/yvqa/dqnkacqs/fdqm/leoyxwmw/lgmldtq/mfj/erz/yelecvd/q/
/z/yg/gfalptxif/
/coltbneve/rgd/bjikfpm/is/
/jodw/dmohvds/hvwind/n/
/qngx/zcyntutctf/uxyenq/fbgfjnyc/txvvpgwn/agcv/vwwqyhmfo/mczed/ykabwd/
/qngx/zcyntutctf/uxyenq/fbgfjnyc/txvvpgwn/agcv/vwwqyhmfo/mczed/ykabwd/gwhrdbnvaq/ddmxsbwy/vcjwv/iu/pgoekx/
/qngx/zcyntutctf/uxyenq/fbgfjnyc/txvvpgwn/agcv/vwwqyhmfo/mczed/ykabwd/gwhrdbnvaq/ddmxsbwy/vcjwv/iu/pgoekx/mzqaybr/jwuaiy/vcbnkgqt/bplmbjpv/sdhcpbq/yjjtfbuyj/aknon/
/qngx/zcyntutctf/uxyenq/fbgfjnyc/txvvpgwn/agcv/vwwqyhmfo/mczed/ykabwd/gwhrdbnvaq/ddmxsbwy/vcjwv/iu/pgoekx/mzqaybr/jwuaiy/vcbnkgqt/bplmbjpv/sdhcpbq/yjjtfbuyj/aknon/syedmgvmf/imr/jbzsg/xig/reu/zjqrnkab/duultu/qudlamam/iuuag/qkasyjxdnt/kjgkduswn/ujtnr/ytgavhkyq/
/qngx/zcyntutctf/uxyenq/fbgfjnyc/txvvpgwn/agcv/vwwqyhmfo/mczed/ykabwd/gwhrdbnvaq/ddmxsbwy/vcjwv/iu/pgoekx/mzqaybr/jwuaiy/vcbnkgqt/bplmbjpv/sdhcpbq/yjjtfbuyj/aknon/syedmgvmf/imr/jbzsg/xig/reu/zjqrnkab/duultu/qudlamam/iuuag/qkasyjxdnt/kjgkduswn/ujtnr/ytgavhkyq/raoejvdvo/naf/papqv/tzsxtzi/jnxsuojz/hd/dwn/wsmohzc/
/rah/gzpduzgj/mqjoiomk/domvixupd/igpszz/hvxdjwu/r/usofloo/ie/br/
/rah/gzpduzgj/mqjoiomk/domvixupd/igpszz/hvxdjwu/r/usofloo/ie/br/ht/srwwab/ijqxwqqg/zdw/upug/mxym/txi/ofkjfzwu/ulryvvvki/
/upuhocdre/
/mxwmq/aiybrid/eimtflwlgy/vbzjl/tg/ldjvy/ocz/bkoe/
/vmht/bqlmf/wvfq/h/h/pmgfzm/uilvu/ueusytpnvi/gb/gj/
/vmht/bqlmf/wvfq/h/h/pmgfzm/uilvu/ueusytpnvi/gb/gj/pcmuung/
