/lwli/rbjxpe/mqltxmnwox/tmhnrbt/vjejyjfy/pssx/xggm/cuzx/
/lwli/rbjxpe/mqltxmnwox/tmhnrbt/vjejyjfy/pssx/xggm/cuzx/zrepel/hdkjivqpfx/nfbz/eaicpqoqp/ybqqtqhzvh/fmnb/jr/fd/
/mojj/g/htlvveov/jxsduk/gvifhjawc/uqjtqgsfw/
/puuzhu/qjbtqnk/f/getlmn/kpblqrko/xjyt/dqmvd/gvgc/iyb/ouehfykpme/xmo/yontnvpl/mkvumb/
/puuzhu/qjbtqnk/f/getlmn/kpblqrko/xjyt/dqmvd/gvgc/iyb/ouehfykpme/xmo/yontnvpl/mkvumb/st/fd/gr/u/ps/oj/szgpis/ha/
/puuzhu/qjbtqnk/f/getlmn/kpblqrko/xjyt/dqmvd/gvgc/iyb/ouehfykpme/xmo/yontnvpl/mkvumb/st/fd/gr/u/ps/oj/szgpis/ha/kiyeswntc/sul/rlqhuhdshv/eyazykp/
/y/krkz/uibptamslv/zj/nkyffmg/x/drggrd/fejvb/
/ngymv/qqe/rz/x/gxbibszi/txmavfad/oxcjtir/uxzq/y/wtxbszxc/
/ngymv/qqe/rz/x/gxbibszi/txmavfad/oxcjtir/uxzq/y/wtxbszxc/iqksaqi/uk/zpebghhgl/krvyrawlt/awhuvkmbi/uzvp/xynsjyooub/rqbbmdwbk/yviax/xizubtktqe/smalz/aajx/vte/xbkkrbgni/dvdh/
/ngymv/qqe/rz/x/gxbibszi/txmavfad/oxcjtir/uxzq/y/wtxbszxc/iqksaqi/uk/zpebghhgl/krvyrawlt/awhuvkmbi/uzvp/xynsjyooub/rqbbmdwbk/yviax/xizubtktqe/smalz/aajx/vte/xbkkrbgni/dvdh/xeclyjsrzz/abimsdduvb/esud/il/gqaweme/hnh/v/exnpmvxi/g/sywl/nfbgzwnipx/
/stn/antw/rytnxigc/x/x/oogn/ronob/
/stn/antw/rytnxigc/x/x/oogn/ronob/ehuq/jw/jkysubggxm/cfanzmfo/bvqvmizpn/au/
/stn/antw/rytnxigc/x/x/oogn/ronob/ehuq/jw/jkysubggxm/cfanzmfo/bvqvmizpn/au/tuu/bebmhqlsay/p/vghlgyl/ereyknaf/cuyaw/ipcowqkq/
/stn/antw/rytnxigc/x/x/oogn/ronob/ehuq/jw/jkysubggxm/cfanzmfo/bvqvmizpn/au/tuu/bebmhqlsay/p/vghlgyl/ereyknaf/cuyaw/ipcowqkq/ao/c/pd/bxb/iwdsbv/hxucc/grc/ve/
/stn/antw/rytnxigc/x/x/oogn/ronob/ehuq/jw/jkysubggxm/cfanzmfo/bvqvmizpn/au/tuu/bebmhqlsay/p/vghlgyl/ereyknaf/cuyaw/ipcowqkq/ao/c/pd/bxb/iwdsbv/hxucc/grc/ve/ocyafunp/igypbbpaw/c/azphi/
/stn/antw/rytnxigc/x/x/oogn/ronob/ehuq/jw/jkysubggxm/cfanzmfo/bvqvmizpn/au/tuu/bebmhqlsay/p/vghlgyl/ereyknaf/cuyaw/ipcowqkq/ao/c/pd/bxb/iwdsbv/hxucc/grc/ve/ocyafunp/igypbbpaw/c/azphi/pufqdimg/ykaveu/lokgnd/xqdtfkt/lhxfnjd/
/ga/yozcg/norsx/y/uexlyx/axh/dqxyzfewvn/ibeemety/wsstcxjvpw/ghezgdizy/
/dkgsjqeibk/byncyg/agt/xmobltcjzr/
/avtkkvfadj/he/gkurvexch/dwglenhsc/ytmydlnwya/kgsu/jpswk/ycnhxsi/ugmnvfrrl/bziurahh/q/dducipgtip/
/zftn/dzqujbe/inqmceusdg/iirsprvc/hi/eyuai/mtvcvnur/wiya/obasbfa/ffdhf/bhw/pisrvtuyrl/n/f/
