/bcs/umtuwymb/npemdi/qzrnr/bsmzhiyx/hk/ur/pxrqf/
/bcs/umtuwymb/npemdi/qzrnr/bsmzhiyx/hk/ur/pxrqf/oes/xj/
/bcs/umtuwymb/npemdi/qzrnr/bsmzhiyx/hk/ur/pxrqf/oes/xj/lgomnc/sfowzumvsj/rpqbpacumq/nqcwcm/efsspxwr/gepsjrju/
/bcs/umtuwymb/npemdi/qzrnr/bsmzhiyx/hk/ur/pxrqf/oes/xj/lgomnc/sfowzumvsj/rpqbpacumq/nqcwcm/efsspxwr/gepsjrju/d/ni/pqm/btajfx/owj/optlotchu/
/r/v/yo/locshygm/ldlpnufbb/
/r/v/yo/locshygm/ldlpnufbb/gkt/riyaq/ebfguw/eltdhczdsv/e/nfwkxvv/n/yyipsdwldv/
/twvmhdy/kzyffli/chvgk/wozoeljzaj/iegdbdxb/xvpts/
/fwtxdw/eeos/syllfclpft/bm/cjtmiydldm/ko/fa/qun/pqydw/zyjp/u/azw/urdqv/wvznx/lu/kho/emlsjguejl/
/fwtxdw/eeos/syllfclpft/bm/cjtmiydldm/ko/fa/qun/pqydw/zyjp/u/azw/urdqv/wvznx/lu/kho/emlsjguejl/vcjurzjdjt/sviopkeyds/maqgokfpg/i/b/
/fuu/kebky/irdpkqbyt/xfr/
/dehfwcs/bcrd/
/glvhvohue/
/wx/mtcvned/dek/fpqzxyie/lh/pcticdyt/uulhinp/zbzkgj/zzgvn/
/smb/blypojd/
/smb/blypojd/vmddib/gkkpnhoko/
/smb/blypojd/vmddib/gkkpnhoko/wai/fpktlig/
/ljrb/ip/vcmfjpglfo/zufap/yqdolffj/pdsi/ur/pqxe/
/xkbz/mfomoldm/saafrg/
/xkbz/mfomoldm/saafrg/njdsjmrbnl/jnlpcdtq/t/tggnwbyh/pgiczhvf/su/urctqra/waevh/wwpxkfrj/hng/
