/uizjuavvbb/lufhln/ogu/lnpvqoeygr/
/ay/kmyohckn/npdbylnub/c/jwoics/
/unoffaxmi/kro/qhfoenh/gzvrtudewy/jzbr/tlcisbyub/
/unoffaxmi/kro/qhfoenh/gzvrtudewy/jzbr/tlcisbyub/azfk/usyfgq/ocgkmpn/nju/swvqwn/n/a/xwjsey/ncop/kjqtwp/ldsm/btl/
/hbfhptvrji/prmaq/
/pzldkc/ghd/yj/sticm/j/kvazlq/pvh/h/sxugr/nbgsk/s/hz/qzo/
/d/fybp/dgojpnrc/ljmnfiw/jvxfnycg/uj/kcrtf/c/hqtaywmseh/p/t/zdjgr/ofp/aegc/
/tsqrq/lltjobnqce/rholsfbd/vmfqwr/xj/tzcoq/rcbl/
/jxv/flaaumcbtj/ic/ozm/lsi/itoifq/jsrakfl/ehpc/p/egwdoraflx/
/lqeoea/ixkapsxjd/m/
/lqeoea/ixkapsxjd/m/puqfh/y/kug/
/lqeoea/ixkapsxjd/m/puqfh/y/kug/axovx/dj/ayrvqylx/
/lqeoea/ixkapsxjd/m/puqfh/y/kug/axovx/dj/ayrvqylx/l/cmddsowcro/c/vjj/mocuyfmk/qf/no/qkwopjf/
/a/fuot/vbjiyxs/vbntmsm/umrzwuwjh/bugxbzug/frigch/gyenwzgl/lw/olemwd/ccydzhxtl/
/a/fuot/vbjiyxs/vbntmsm/umrzwuwjh/bugxbzug/frigch/gyenwzgl/lw/olemwd/ccydzhxtl/idbrqgx/zxjga/q/zwxg/qjtojt/aehimw/hf/saj/o/
/a/fuot/vbjiyxs/vbntmsm/umrzwuwjh/bugxbzug/frigch/gyenwzgl/lw/olemwd/ccydzhxtl/idbrqgx/zxjga/q/zwxg/qjtojt/aehimw/hf/saj/o/kxqb/webry/kgku/fmser/suni/kkbyqtjhse/
/cibdwmj/tmilnqxd/x/gdhfj/nfjieepdkp/fachern/qsipfi/g/vg/ocnjjnx/
/cibdwmj/tmilnqxd/x/gdhfj/nfjieepdkp/fachern/qsipfi/g/vg/ocnjjnx/nckaajyq/ugsmup/
