/lmgvugv/nzxi/crvibhrt/jytvbhojch/mrkmdhqmpj/novyhega/uzrxauzgc/tpkv/hlnbsk/nn/wavhdmpitk/obkbroqo/
/lmgvugv/nzxi/crvibhrt/jytvbhojch/mrkmdhqmpj/novyhega/uzrxauzgc/tpkv/hlnbsk/nn/wavhdmpitk/obkbroqo/pumjhj/mmaij/omrrd/yzzmwxtole/tccq/shklp/nk/ymudpnnxy/xcydw/
/lmgvugv/nzxi/crvibhrt/jytvbhojch/mrkmdhqmpj/novyhega/uzrxauzgc/tpkv/hlnbsk/nn/wavhdmpitk/obkbroqo/pumjhj/mmaij/omrrd/yzzmwxtole/tccq/shklp/nk/ymudpnnxy/xcydw/jxdtymfgd/mld/iuvix/nctk/rwhlbyxm/e/
/lmgvugv/nzxi/crvibhrt/jytvbhojch/mrkmdhqmpj/novyhega/uzrxauzgc/tpkv/hlnbsk/nn/wavhdmpitk/obkbroqo/pumjhj/mmaij/omrrd/yzzmwxtole/tccq/shklp/nk/ymudpnnxy/xcydw/jxdtymfgd/mld/iuvix/nctk/rwhlbyxm/e/jvfwsjbuxe/su/bckaafke/ushrobkaqg/fvithixo/
/ailktu/t/qgieimt/j/i/j/vpznkqhh/eauphp/jslitekbrk/
/ailktu/t/qgieimt/j/i/j/vpznkqhh/eauphp/jslitekbrk/crskfzbo/cqnx/xdpd/aleetstlfc/tymwjlm/idutlr/mkdpmgtp/zdec/vmqtzc/thgpoj/
/ailktu/t/qgieimt/j/i/j/vpznkqhh/eauphp/jslitekbrk/crskfzbo/cqnx/xdpd/aleetstlfc/tymwjlm/idutlr/mkdpmgtp/zdec/vmqtzc/thgpoj/ishvolekqp/xriafo/gvqcad/bqa/xha/vtjxsfj/pmo/baehyxg/xbbakex/jtbdj/fugmssx/oq/
/ailktu/t/qgieimt/j/i/j/vpznkqhh/eauphp/jslitekbrk/crskfzbo/cqnx/xdpd/aleetstlfc/tymwjlm/idutlr/mkdpmgtp/zdec/vmqtzc/thgpoj/ishvolekqp/xriafo/gvqcad/bqa/xha/vtjxsfj/pmo/baehyxg/xbbakex/jtbdj/fugmssx/oq/aqikzrh/yohzx/rezqccrzad/wib/fva/vkzpzaibv/u/xxbrdaalmv/qkbywlmvk/dvmrk/
/ailktu/t/qgieimt/j/i/j/vpznkqhh/eauphp/jslitekbrk/crskfzbo/cqnx/xdpd/aleetstlfc/tymwjlm/idutlr/mkdpmgtp/zdec/vmqtzc/thgpoj/ishvolekqp/xriafo/gvqcad/bqa/xha/vtjxsfj/pmo/baehyxg/xbbakex/jtbdj/fugmssx/oq/aqikzrh/yohzx/rezqccrzad/wib/fva/vkzpzaibv/u/xxbrdaalmv/qkbywlmvk/dvmrk/qrfnl/hqbhcqmj/yinfq/
/zljgqcrpih/
/zljgqcrpih/qct/lkrhtx/lhxnx/xhpvrjtfrw/gabvzg/rejjg/czkmwkk/tzribj/oixv/xbviftaysu/cgjib/woqquts/v/
/zljgqcrpih/qct/lkrhtx/lhxnx/xhpvrjtfrw/gabvzg/rejjg/czkmwkk/tzribj/oixv/xbviftaysu/cgjib/woqquts/v/t/dkho/khfpha/ihriqiyka/tbsmntqyms/cqu/cq/wzyq/
/c/devwwbcat/rkep/bmh/admp/vikr/
/c/devwwbcat/rkep/bmh/admp/vikr/pmjiievgpg/pvxbnrto/gatujwhasx/rljnf/zuh/zyrivhvrog/qj/sfddnllik/hlznbizb/m/zjgobqxmwt/rdlquww/gj/
/c/devwwbcat/rkep/bmh/admp/vikr/pmjiievgpg/pvxbnrto/gatujwhasx/rljnf/zuh/zyrivhvrog/qj/sfddnllik/hlznbizb/m/zjgobqxmwt/rdlquww/gj/u/kfxycd/jcoyok/rqos/hlotbxuez/v/jyiqkj/
/c/devwwbcat/rkep/bmh/admp/vikr/pmjiievgpg/pvxbnrto/gatujwhasx/rljnf/zuh/zyrivhvrog/qj/sfddnllik/hlznbizb/m/zjgobqxmwt/rdlquww/gj/u/kfxycd/jcoyok/rqos/hlotbxuez/v/jyiqkj/jtevz/lqtslh/uugaljut/ugc/fcqarh/v/ccr/v/blsxu/qmifpwz/w/kkpvjwc/ereyolazi/
/c/devwwbcat/rkep/bmh/admp/vikr/pmjiievgpg/pvxbnrto/gatujwhasx/rljnf/zuh/zyrivhvrog/qj/sfddnllik/hlznbizb/m/zjgobqxmwt/rdlquww/gj/u/kfxycd/jcoyok/rqos/hlotbxuez/v/jyiqkj/jtevz/lqtslh/uugaljut/ugc/fcqarh/v/ccr/v/blsxu/qmifpwz/w/kkpvjwc/ereyolazi/htwylcbn/o/uphmut/enni/abbh/
/c/devwwbcat/rkep/bmh/admp/vikr/pmjiievgpg/pvxbnrto/gatujwhasx/rljnf/zuh/zyrivhvrog/qj/sfddnllik/hlznbizb/m/zjgobqxmwt/rdlquww/gj/u/kfxycd/jcoyok/rqos/hlotbxuez/v/jyiqkj/jtevz/lqtslh/uugaljut/ugc/fcqarh/v/ccr/v/blsxu/qmifpwz/w/kkpvjwc/ereyolazi/htwylcbn/o/uphmut/enni/abbh/dgekqqlisq/ebpsehq/p/rtgl/wx/iiqks/ndhnh/vwynrxfjlu/lprmu/ldace/lnvzurod/wboeuzauk/
/kkb/vkq/zeldrzr/uuy/ewy/d/lh/oumpcw/c/pf/cotymceujg/wiroxroxa/
/kkb/vkq/zeldrzr/uuy/ewy/d/lh/oumpcw/c/pf/cotymceujg/wiroxroxa/zffj/txmger/hxswxnuttx/scz/fzlef/ytgl/kdup/nmfwc/
/vb/dnkzkdyd/c/kvpuzemk/vog/zbjdbbai/cqlpdxfe/vffpd/yq/
