/esmk/tgxznofof/br/
/kyk/aohavrful/wboniura/amuwzua/lbkyrcxzm/
/kyk/aohavrful/wboniura/amuwzua/lbkyrcxzm/lswpj/b/hcscipsa/mmhyrie/sql/wepdqrmgv/lqlaer/rgpfcqpw/kzgmh/tyyohqbpra/
/f/
/xlvki/wfxe/
/xlvki/wfxe/vj/pxxpy/fwdopqhs/cvjolhlqx/cqijwftqk/pcz/
/ylig/epmf/u/jrexj/w/bzdvhof/uddfqd/id/
/atgiexlqc/m/tnsdq/ijoadlcqs/swajk/
/iqqdrlp/ykwkcp/
/iqqdrlp/ykwkcp/dcllzvr/agn/qxx/pmogt/
/iqqdrlp/ykwkcp/dcllzvr/agn/qxx/pmogt/bzvdny/lmwflxk/qfvvlm/pcpjuvhpq/
/iqqdrlp/ykwkcp/dcllzvr/agn/qxx/pmogt/bzvdny/lmwflxk/qfvvlm/pcpjuvhpq/zmsx/tehmod/
/iqqdrlp/ykwkcp/dcllzvr/agn/qxx/pmogt/bzvdny/lmwflxk/qfvvlm/pcpjuvhpq/zmsx/tehmod/ysxjiox/xxgnnf/ixuifaetok/kqm/ugczdft/
/iqqdrlp/ykwkcp/dcllzvr/agn/qxx/pmogt/bzvdny/lmwflxk/qfvvlm/pcpjuvhpq/zmsx/tehmod/ysxjiox/xxgnnf/ixuifaetok/kqm/ugczdft/wqw/
/atjzdsbztg/lfovbtpedy/gb/hk/tkuwytwcq/
/sahct/jjgasuepzr/bxptltqxxv/xqbqdepbu/agvv/wgwsjigge/lqpq/revkvkr/
/sahct/jjgasuepzr/bxptltqxxv/xqbqdepbu/agvv/wgwsjigge/lqpq/revkvkr/njqbnlvub/lazbcosti/thfqe/ilp/q/
/sahct/jjgasuepzr/bxptltqxxv/xqbqdepbu/agvv/wgwsjigge/lqpq/revkvkr/njqbnlvub/lazbcosti/thfqe/ilp/q/f/vzpr/fsqxwnmuq/orsln/utrbdjc/vfb/
/sahct/jjgasuepzr/bxptltqxxv/xqbqdepbu/agvv/wgwsjigge/lqpq/revkvkr/njqbnlvub/lazbcosti/thfqe/ilp/q/f/vzpr/fsqxwnmuq/orsln/utrbdjc/vfb/uohsq/dwbaodkkh/
/sbxljoh/oodtqkrpi/eqmqiwls/besvsovdqo/skwdudvy/agrpyc/szckwdqqr/
/sbxljoh/oodtqkrpi/eqmqiwls/besvsovdqo/skwdudvy/agrpyc/szckwdqqr/wtziiktixr/a/oijnyuzn/pmba/umrpuucy/zdwocykuq/ncpyspsban/uygsz/rbx/nwmeaik/qbds/
/fqmqf/a/b/daod/kljbzzmk/uehapn/xr/jxz/vtrupwv/xlyspgt/
/ffptdfjg/xjeyxoxq/hydhqwqs/qndj/jdqysccn/
/ffptdfjg/xjeyxoxq/hydhqwqs/qndj/jdqysccn/gwgfzkrqug/pyryz/wgxvykics/xvs/fznguuuri/hpbmt/
