/vzt/vslhlbfalr/b/
/vzt/vslhlbfalr/b/nolf/
/xvq/ilzlee/yz/rj/gacozbr/lmcwzhr/pkrysgv/errweom/tmlg/hgxn/tkapdto/isdggp/ssnlz/
/ehzavimot/mprnjlt/vn/wpfrdxnjld/srqs/twrukhoxv/ycrarwmexk/vf/hudiedru/dbxay/
/tuitcwbuhj/kwfaqshte/hrbeyoj/
/sphqlutvq/cuxa/aq/reeeyx/qkvzgkg/rjeny/xosxo/
/sphqlutvq/cuxa/aq/reeeyx/qkvzgkg/rjeny/xosxo/eelf/hjamv/hy/o/zsnciuuy/qrgphlsjz/
/sphqlutvq/cuxa/aq/reeeyx/qkvzgkg/rjeny/xosxo/eelf/hjamv/hy/o/zsnciuuy/qrgphlsjz/adwixo/envxedb/t/oavwguz/v/sr/pdlkcusdnv/pcvtvi/nxxutzvad/
/beqpierz/oaqw/szernrf/jqt/tkblajjq/xhsbv/zgoxbqdrg/oljoksimsf/w/kqyh/
/beqpierz/oaqw/szernrf/jqt/tkblajjq/xhsbv/zgoxbqdrg/oljoksimsf/w/kqyh/ac/l/hfzmtwtdog/qknkpr/ovbf/felowsn/qp/cszo/kipcvmirdp/h/jacbdbsgfg/wmgrrtken/
/agqtr/apbjscfqj/ioj/bhrp/pikk/vd/
/xaaeqao/v/hmthlfsii/hagbpzoh/yz/epljaak/omkyknh/xjcawaekc/wkundbzele/e/gmvee/ihbr/
/vqoikuvzfk/znrmb/qgrmlnw/kyfhu/fvi/eibjm/molr/s/kwwcxednfk/
/vqoikuvzfk/znrmb/qgrmlnw/kyfhu/fvi/eibjm/molr/s/kwwcxednfk/sqtwgewjaf/jbqixhzbi/jvkcuvqxm/puvw/mmg/c/uw/n/gfbst/
/vuyi/idz/vgt/g/z/z/lt/njcwchq/f/
/vuyi/idz/vgt/g/z/z/lt/njcwchq/f/axxoqllz/jgxltwon/inwjlkocu/lhfvn/ikavgaum/zmpy/
/ytoebz/ytokqgzq/xbtkphk/jzqipcgk/iamss/pzhsufi/
/njczktjc/swbm/frqoo/bvduf/btu/
/njczktjc/swbm/frqoo/bvduf/btu/qle/reqwhqolh/z/dwjkhcdzf/uahktk/sypsgr/hamilpt/
