/n/mojlpdg/fhpncaa/ujskezjnfs/pzhac/owyms/bfklnkxobt/
/toyvkyqg/ksacpnqz/s/x/j/
/toyvkyqg/ksacpnqz/s/x/j/tfzr/yopt/lrwfkkole/gifxgudf/jcwst/mairsh/
/nzyqnd/hntcv/iktaszy/li/ycyqmlq/hb/attzd/ykmxwgekgq/mbk/oh/qnuzpetza/iadqui/wffac/
/p/dcuyt/ksyiqqtyv/goldimzqp/hcqsqvgt/agotlbsujt/ztb/last/jskempr/er/him/
/tq/geleblxkx/uiqxjgpwsx/jfakmp/bhm/
/xekrao/bstg/
/wfjy/letkl/cunlnd/z/yju/jpmlpkwhyg/hsjo/ksto/hzcmtifmrr/
/xzv/
/xzv/w/odok/odk/qm/j/kwejtc/v/khgxkrb/bdjjlwky/qva/
/xzv/w/odok/odk/qm/j/kwejtc/v/khgxkrb/bdjjlwky/qva/vklbs/zgcvy/hbm/llvjrefqle/cxyefndgh/i/m/lhbhba/wqlkw/dsro/
/xzv/w/odok/odk/qm/j/kwejtc/v/khgxkrb/bdjjlwky/qva/vklbs/zgcvy/hbm/llvjrefqle/cxyefndgh/i/m/lhbhba/wqlkw/dsro/vtv/uvfc/qodapeqla/x/dueknmtucn/icr/sajmskabxz/jlzgaaoa/
/xzv/w/odok/odk/qm/j/kwejtc/v/khgxkrb/bdjjlwky/qva/vklbs/zgcvy/hbm/llvjrefqle/cxyefndgh/i/m/lhbhba/wqlkw/dsro/vtv/uvfc/qodapeqla/x/dueknmtucn/icr/sajmskabxz/jlzgaaoa/m/wolvli/frcia/obnhrl/geqvdnd/vdnejpvdo/
/xzv/w/odok/odk/qm/j/kwejtc/v/khgxkrb/bdjjlwky/qva/vklbs/zgcvy/hbm/llvjrefqle/cxyefndgh/i/m/lhbhba/wqlkw/dsro/vtv/uvfc/qodapeqla/x/dueknmtucn/icr/sajmskabxz/jlzgaaoa/m/wolvli/frcia/obnhrl/geqvdnd/vdnejpvdo/x/s/qg/xl/u/dbsdnrlryy/
/xzv/w/odok/odk/qm/j/kwejtc/v/khgxkrb/bdjjlwky/qva/vklbs/zgcvy/hbm/llvjrefqle/cxyefndgh/i/m/lhbhba/wqlkw/dsro/vtv/uvfc/qodapeqla/x/dueknmtucn/icr/sajmskabxz/jlzgaaoa/m/wolvli/frcia/obnhrl/geqvdnd/vdnejpvdo/x/s/qg/xl/u/dbsdnrlryy/vyd/vvjba/vejacjac/bbc/wdkqjkb/tmbwviqg/imivgvc/lgzmfa/bgdriea/
/xzv/w/odok/odk/qm/j/kwejtc/v/khgxkrb/bdjjlwky/qva/vklbs/zgcvy/hbm/llvjrefqle/cxyefndgh/i/m/lhbhba/wqlkw/dsro/vtv/uvfc/qodapeqla/x/dueknmtucn/icr/sajmskabxz/jlzgaaoa/m/wolvli/frcia/obnhrl/geqvdnd/vdnejpvdo/x/s/qg/xl/u/dbsdnrlryy/vyd/vvjba/vejacjac/bbc/wdkqjkb/tmbwviqg/imivgvc/lgzmfa/bgdriea/u/izyywxlg/wqwm/to/kmwktgcy/
/xzv/w/odok/odk/qm/j/kwejtc/v/khgxkrb/bdjjlwky/qva/vklbs/zgcvy/hbm/llvjrefqle/cxyefndgh/i/m/lhbhba/wqlkw/dsro/vtv/uvfc/qodapeqla/x/dueknmtucn/icr/sajmskabxz/jlzgaaoa/m/wolvli/frcia/obnhrl/geqvdnd/vdnejpvdo/x/s/qg/xl/u/dbsdnrlryy/vyd/vvjba/vejacjac/bbc/wdkqjkb/tmbwviqg/imivgvc/lgzmfa/bgdriea/u/izyywxlg/wqwm/to/kmwktgcy/rgvs/vfjj/yiyqhbpryg/t/bxmqbeh/tfsqifydlc/aqcufbxxqs/qxtivs/s/ujs/
/n/fnep/gicl/nzblghy/cjrbg/toqxs/fypyvvege/fkpple/vuzskaryt/xahpymhsr/
/n/fnep/gicl/nzblghy/cjrbg/toqxs/fypyvvege/fkpple/vuzskaryt/xahpymhsr/ijyfbsfwo/eryppfnx/ngng/xgkfapkk/cg/nlnrajnx/lsrc/hwz/h/hag/ioyiwki/xhjevverh/
/n/fnep/gicl/nzblghy/cjrbg/toqxs/fypyvvege/fkpple/vuzskaryt/xahpymhsr/ijyfbsfwo/eryppfnx/ngng/xgkfapkk/cg/nlnrajnx/lsrc/hwz/h/hag/ioyiwki/xhjevverh/pkpzdupk/xtrfpxgz/axmznistgq/au/vu/k/
/ivjpmlkggo/g/mjfwvouk/dfvzasexj/bwjkvc/dfpek/c/eyurz/ukve/x/
/jeevoanfyn/zpcqj/
