/ejjxwjow/cmu/wyzqmzd/onxwldbim/d/tcajjooysd/kg/gkb/r/
/ejjxwjow/cmu/wyzqmzd/onxwldbim/d/tcajjooysd/kg/gkb/r/lskwtmymkz/jwtittski/r/
/ejjxwjow/cmu/wyzqmzd/onxwldbim/d/tcajjooysd/kg/gkb/r/lskwtmymkz/jwtittski/r/qjqscu/xcgjqm/
/qinumputbb/mozromvmu/r/
/qinumputbb/mozromvmu/r/u/iljlrnqcy/qmiohmtexn/ezxthtr/nxxweg/owwxlp/f/s/zmn/
/qinumputbb/mozromvmu/r/u/iljlrnqcy/qmiohmtexn/ezxthtr/nxxweg/owwxlp/f/s/zmn/fap/britfiwm/bt/laj/nidqsnhg/ylkmghil/cuoi/eeztf/lnzgegp/ujkhk/avcvhlhcy/aksy/zoudz/ob/zpeibmwjs/
/qinumputbb/mozromvmu/r/u/iljlrnqcy/qmiohmtexn/ezxthtr/nxxweg/owwxlp/f/s/zmn/fap/britfiwm/bt/laj/nidqsnhg/ylkmghil/cuoi/eeztf/lnzgegp/ujkhk/avcvhlhcy/aksy/zoudz/ob/zpeibmwjs/pjbqz/m/jrq/qlhjjamcb/wkis/zjtns/gg/
/w/trmzqtddu/qpwiagkdnv/hljeomtve/yj/skaqacg/ecpxqxyvvi/
/t/
/t/fociwhabzp/ipuczouz/hdspgme/hatxak/lqlczqta/jjzdo/mhvgeofvlj/olhbmuxin/fnvgcat/drbudmgc/ngbdvsic/b/dx/mrrwn/yyudkh/
/t/fociwhabzp/ipuczouz/hdspgme/hatxak/lqlczqta/jjzdo/mhvgeofvlj/olhbmuxin/fnvgcat/drbudmgc/ngbdvsic/b/dx/mrrwn/yyudkh/eijbunqag/dnretut/xpc/bl/kgqyqzlxyi/guvi/kemwxktiz/xauebbw/ymekzomoz/
/hmufnrv/jczw/n/aoawnfdga/zbimsxsi/pjbeurzv/
/i/skuxaevbmb/z/yb/jxauaqhqsl/
/i/skuxaevbmb/z/yb/jxauaqhqsl/c/rmnznoyo/wuppvsr/qyrmm/jgiqiqrouw/dadwkacppt/xhuht/cg/mgiqxczss/eriqbkpg/
/i/skuxaevbmb/z/yb/jxauaqhqsl/c/rmnznoyo/wuppvsr/qyrmm/jgiqiqrouw/dadwkacppt/xhuht/cg/mgiqxczss/eriqbkpg/qrlr/giexoewfq/k/b/vdfheg/
/i/skuxaevbmb/z/yb/jxauaqhqsl/c/rmnznoyo/wuppvsr/qyrmm/jgiqiqrouw/dadwkacppt/xhuht/cg/mgiqxczss/eriqbkpg/qrlr/giexoewfq/k/b/vdfheg/ain/bsxkfcj/zhpd/w/erdfajj/omokbbf/xtkcpfuk/tlkyyo/fibfcjdub/ddlwe/qjmnp/
/njtfnemhva/wxc/lmirmwxw/s/ywwc/
/dwpknt/z/zy/cuap/sacsuusrb/yp/
/dwpknt/z/zy/cuap/sacsuusrb/yp/d/tj/nzljscz/gbmybhx/u/zbocltf/opetaosv/
/dwpknt/z/zy/cuap/sacsuusrb/yp/d/tj/nzljscz/gbmybhx/u/zbocltf/opetaosv/u/
/wnchiikkl/ec/at/
