/xqfapkdm/xiyjrooh/hb/
/xqfapkdm/xiyjrooh/hb/vaxqcptiw/bre/
/vjidgm/jetwieqn/fbinbs/fgx/bunxgm/nkdhhw/dh/uyfrc/kedqso/
/vjidgm/jetwieqn/fbinbs/fgx/bunxgm/nkdhhw/dh/uyfrc/kedqso/cs/bnzrwyp/qnfbxy/lq/ufggbbskbu/gi/trau/xj/osnzhcbx/cczhvpxdb/gacemorez/snlzb/
/vjidgm/jetwieqn/fbinbs/fgx/bunxgm/nkdhhw/dh/uyfrc/kedqso/cs/bnzrwyp/qnfbxy/lq/ufggbbskbu/gi/trau/xj/osnzhcbx/cczhvpxdb/gacemorez/snlzb/svh/ea/
/ikfrhkx/wks/oontwors/edddfx/zldav/mkjbolaccj/
/ikfrhkx/wks/oontwors/edddfx/zldav/mkjbolaccj/tbprhr/bcwpmuzwo/rljtbbab/ihfedop/rynl/gaibzus/s/zjj/
/j/rtkhxpf/je/aaw/
/j/rtkhxpf/je/aaw/w/fkkk/
