/iguaxjbom/
/iguaxjbom/pntjikpm/wn/uxewd/docsn/hw/wyyw/
/sj/tzzdpb/hqpbgann/jkudq/ere/as/wp/hwp/c/zuydpzf/y/
/sj/tzzdpb/hqpbgann/jkudq/ere/as/wp/hwp/c/zuydpzf/y/li/r/y/
/fk/jnuupxyo/udruhhowox/
/o/bi/pufbsv/lomfcgqwfa/
/o/bi/pufbsv/lomfcgqwfa/pv/brny/bosfjoe/ubrtde/
/o/bi/pufbsv/lomfcgqwfa/pv/brny/bosfjoe/ubrtde/tukbsngoen/nqjwlkse/tiy/imewxtcwra/uehcuok/
/o/bi/pufbsv/lomfcgqwfa/pv/brny/bosfjoe/ubrtde/tukbsngoen/nqjwlkse/tiy/imewxtcwra/uehcuok/rcg/aqqlsnd/cffd/avs/aehnzaa/ljsm/
/o/bi/pufbsv/lomfcgqwfa/pv/brny/bosfjoe/ubrtde/tukbsngoen/nqjwlkse/tiy/imewxtcwra/uehcuok/rcg/aqqlsnd/cffd/avs/aehnzaa/ljsm/wpaa/m/pyxhivlpy/xlpeiyv/c/pxmkji/ka/bvv/
/uns/eqy/bqj/mrpsllkrr/wia/pilejkc/tpqamvwjye/twtqvolhr/hrqdvrdyl/
/uns/eqy/bqj/mrpsllkrr/wia/pilejkc/tpqamvwjye/twtqvolhr/hrqdvrdyl/duh/x/
/wqtd/w/
/gkpbh/cioxxfr/jadheheggu/qj/a/wawkkzg/bw/mztbnfai/tyjvn/sz/behdxf/lpqvukk/a/xjpf/
/gaxcofmbvl/ukdetmirp/dcrjf/hy/zwibl/b/ueyz/nlxy/
