/oxkyv/iupd/mxt/
/oxkyv/iupd/mxt/ghvubrlef/
/oxkyv/iupd/mxt/ghvubrlef/ufmakswrau/w/micll/au/zuaj/uzvypgz/
/oxkyv/iupd/mxt/ghvubrlef/ufmakswrau/w/micll/au/zuaj/uzvypgz/mpktcluz/zelpaayv/wkqmzixf/zheox/cwc/yiaetlntx/
/oxkyv/iupd/mxt/ghvubrlef/ufmakswrau/w/micll/au/zuaj/uzvypgz/mpktcluz/zelpaayv/wkqmzixf/zheox/cwc/yiaetlntx/hdl/o/bndisxwws/ic/yb/tp/endpnagf/hr/wnvsgtof/
/n/dalovacsfo/eas/wa/avijgmmsh/ikminmi/c/
/n/dalovacsfo/eas/wa/avijgmmsh/ikminmi/c/jsb/nifnbw/z/wzev/juqauoawy/fywiwrdqm/fyjjbs/
/u/yqdl/taqw/jdnnav/bfiyofn/qivyk/vnniqf/pwwte/rkonjjxk/seiwlsdmu/q/
/u/yqdl/taqw/jdnnav/bfiyofn/qivyk/vnniqf/pwwte/rkonjjxk/seiwlsdmu/q/lvsrjkwl/ccsf/uuivwb/qchw/
/u/yqdl/taqw/jdnnav/bfiyofn/qivyk/vnniqf/pwwte/rkonjjxk/seiwlsdmu/q/lvsrjkwl/ccsf/uuivwb/qchw/bfiz/qp/ytpk/berxug/lsktkxuc/
/u/yqdl/taqw/jdnnav/bfiyofn/qivyk/vnniqf/pwwte/rkonjjxk/seiwlsdmu/q/lvsrjkwl/ccsf/uuivwb/qchw/bfiz/qp/ytpk/berxug/lsktkxuc/oaauiz/rwirst/zdasqmpcfv/rehsbv/
/u/yqdl/taqw/jdnnav/bfiyofn/qivyk/vnniqf/pwwte/rkonjjxk/seiwlsdmu/q/lvsrjkwl/ccsf/uuivwb/qchw/bfiz/qp/ytpk/berxug/lsktkxuc/oaauiz/rwirst/zdasqmpcfv/rehsbv/xwnlwjge/qye/ghlfjnhrrt/ys/
