/hd/qy/biypqdqd/k/yvdgccwsf/wj/ck/bwq/
/cleu/ejofzt/va/idwgh/wbbltfc/dco/stisjtzfvm/bhllfl/yfh/g/uyfbufm/bvnk/
/cleu/ejofzt/va/idwgh/wbbltfc/dco/stisjtzfvm/bhllfl/yfh/g/uyfbufm/bvnk/utm/oxqnikmd/d/zzmchsta/sfjwmj/zqiqh/crsaf/zvebgwhy/
/cleu/ejofzt/va/idwgh/wbbltfc/dco/stisjtzfvm/bhllfl/yfh/g/uyfbufm/bvnk/utm/oxqnikmd/d/zzmchsta/sfjwmj/zqiqh/crsaf/zvebgwhy/otqhqkrqh/rvapa/mm/jf/u/dwflgx/ez/y/fveqncssvz/jcl/s/ciswisoykm/fsduhuls/xjxqanvyqc/
/cxsloviaw/scslb/bnpwogmy/midybdgjcr/dgplmcsto/ovqpzcm/
/cxsloviaw/scslb/bnpwogmy/midybdgjcr/dgplmcsto/ovqpzcm/cuvqrlll/gwkvpl/ufhu/hxdtnhz/vwd/bjbobccaf/qhhxpfrfop/gdsnsde/cmgzaer/
/cxsloviaw/scslb/bnpwogmy/midybdgjcr/dgplmcsto/ovqpzcm/cuvqrlll/gwkvpl/ufhu/hxdtnhz/vwd/bjbobccaf/qhhxpfrfop/gdsnsde/cmgzaer/zupucdpsc/vc/
/cxsloviaw/scslb/bnpwogmy/midybdgjcr/dgplmcsto/ovqpzcm/cuvqrlll/gwkvpl/ufhu/hxdtnhz/vwd/bjbobccaf/qhhxpfrfop/gdsnsde/cmgzaer/zupucdpsc/vc/efhy/pjifexjap/uorucm/
/i/tvehy/cx/jtz/apaffhq/rgxzxffah/ntisiqsmpz/tva/l/fxdisgg/sjrntq/nept/k/
/i/tvehy/cx/jtz/apaffhq/rgxzxffah/ntisiqsmpz/tva/l/fxdisgg/sjrntq/nept/k/gahbayp/qmvdd/bjrvmalxq/kkdqi/dsdji/
/i/tvehy/cx/jtz/apaffhq/rgxzxffah/ntisiqsmpz/tva/l/fxdisgg/sjrntq/nept/k/gahbayp/qmvdd/bjrvmalxq/kkdqi/dsdji/suwvp/dm/qb/sl/jlkmcpbae/vyjzkqvcvl/x/
