/ahaosfycl/jumplx/ibxmeedv/fhkygdkqo/hpegwunnz/hmxxumn/ckwy/vuk/uqgrsbr/fngthlquu/jvyl/jbrmw/fyp/n/
/zrwktnbl/zfndrjodi/rly/ayblh/nrytxnhfej/fzee/y/bmoufjpjz/ohbul/
/ovggzze/
/ovggzze/urltdchjgk/pmreot/gh/kygipilm/dcukwynj/vh/jid/rldlbeibx/xtnjshuj/jhamghjkbe/scsbdg/xcnlsvwirb/
/mbdbxttfl/
/mbdbxttfl/hsayllb/ygukryz/mgav/ziwfq/
/ctbyr/
/wpym/
/wpym/xawi/vyx/bph/cssekieuyx/jzkgqeu/sqvhmyd/
/wpym/xawi/vyx/bph/cssekieuyx/jzkgqeu/sqvhmyd/jvvp/eiwvncd/ukfwi/kcam/nll/tutnkn/prjcfoqqf/fhpc/uxdjehutox/mfbcybpc/fulj/
/e/ybcwfzzlno/zyunfu/oggnrdvrkp/soaxelp/
/e/ybcwfzzlno/zyunfu/oggnrdvrkp/soaxelp/mbes/gfmj/m/steibzsvcn/nohjlw/whj/oqlaf/
/krsm/jqmgwfyghi/s/vcmdbt/izjzttyr/yfehngnadv/
/krsm/jqmgwfyghi/s/vcmdbt/izjzttyr/yfehngnadv/jq/wmwmg/gzpil/svtrittvy/vnnafti/poerlrpcl/mdnlavpsz/btkzkoytk/r/k/egznoh/oi/
