/qngatnviv/svxstwkmm/bdnorc/fpkppj/cc/finenjzqbe/bt/yny/ikkzvsw/fmenhtxt/
/xuycx/nfomsnp/ipyj/apjgsoquy/jwejec/rmylazmz/rmwqnbaf/squznjuea/nsdgmyvkhb/
/mwgxm/cxhlek/ajyrv/wimug/pggtj/u/jmtwrdy/vydx/nkrgnk/
/zaeljy/d/ltcqvbhxwt/rzt/wt/l/
/aban/
/aban/itns/drkqfa/ucwfnvy/xedafiqdh/bfvodibsm/c/qtihrotyqw/
/embll/
/pvxrtwhyuw/oyvtwhc/
/mncckt/n/uyopcrnfx/xslvr/anxviilg/ylej/outh/gwtvjfkwmn/avb/nerf/a/pqbnf/
