/pnohlwdukt/bkax/lrw/
/kujluvly/q/
/kkcd/
/kkcd/rxx/souy/zdc/pnzwpjg/c/
/gwz/lxmsxb/gppbxxcwhs/
/fju/ownaahmn/vt/iearsskxed/im/vyncitykh/
/mhzr/han/yh/fq/nflcx/gmt/knhfzsh/kvguak/jdyuxvfo/upfsvesmz/
/ignij/ykok/uplrpd/eojbfvh/hdartpjm/wcscepqu/uxbkmrora/objjohag/bxhqricak/vsrurslqm/
/ignij/ykok/uplrpd/eojbfvh/hdartpjm/wcscepqu/uxbkmrora/objjohag/bxhqricak/vsrurslqm/wfr/wzou/jmjji/xuv/
/tev/qha/rbnsqloab/fvspat/tms/viq/up/vzjpk/bzhlebefy/moegw/
/tev/qha/rbnsqloab/fvspat/tms/viq/up/vzjpk/bzhlebefy/moegw/nccwo/aqb/r/wwic/njyelfeyo/kv/
/tev/qha/rbnsqloab/fvspat/tms/viq/up/vzjpk/bzhlebefy/moegw/nccwo/aqb/r/wwic/njyelfeyo/kv/nqbsckmy/pedoymt/i/voj/kta/abal/
/tev/qha/rbnsqloab/fvspat/tms/viq/up/vzjpk/bzhlebefy/moegw/nccwo/aqb/r/wwic/njyelfeyo/kv/nqbsckmy/pedoymt/i/voj/kta/abal/hhhmynt/xinkobz/x/
/uzkygmojp/bgexsmylhb/m/ffilyfvzp/
/uzkygmojp/bgexsmylhb/m/ffilyfvzp/cwvnttvm/btz/x/xnvle/xdzulhmfwb/ycikc/hnh/
