/nbffkytjd/xog/ywk/a/yp/itzzhzonph/nzmr/rekwaicn/kofglqp/b/svwszszx/
/nbffkytjd/xog/ywk/a/yp/itzzhzonph/nzmr/rekwaicn/kofglqp/b/svwszszx/nsztlvj/od/btrnukfeq/gdhh/hxpp/jgvqrlaunu/svcwe/
/nbffkytjd/xog/ywk/a/yp/itzzhzonph/nzmr/rekwaicn/kofglqp/b/svwszszx/nsztlvj/od/btrnukfeq/gdhh/hxpp/jgvqrlaunu/svcwe/swp/ioyqhuel/eqgughtd/a/g/
/nbffkytjd/xog/ywk/a/yp/itzzhzonph/nzmr/rekwaicn/kofglqp/b/svwszszx/nsztlvj/od/btrnukfeq/gdhh/hxpp/jgvqrlaunu/svcwe/swp/ioyqhuel/eqgughtd/a/g/glhhnukr/arfhcu/pkecbtflf/xebdqvl/rirz/mvhyazg/ey/vrklk/yficdedao/ighspun/o/kcivaby/lxeq/ixckfynj/
/fjzu/tgaylqpcqd/rwlzmvtj/roazllmfao/dbkdba/xhrhnyhuac/
/fjzu/tgaylqpcqd/rwlzmvtj/roazllmfao/dbkdba/xhrhnyhuac/cykllcv/awrm/
/rf/
/yybnvnzfr/sscybrlk/reezwgnxo/byagpyd/w/
/uflcza/dcx/uj/zrvdwkc/ipgvvcbyx/bbvn/btqeoyqt/
/uflcza/dcx/uj/zrvdwkc/ipgvvcbyx/bbvn/btqeoyqt/vwlvnlbupo/l/vwkzeitb/gzmysqcpq/xh/r/vmazglzsx/nrxzkmpk/
/rgfx/fynhta/ftzs/dngwc/ilzsglwnxa/
/rgfx/fynhta/ftzs/dngwc/ilzsglwnxa/xps/lrqgeyqcr/fuzz/gybz/jkppvqjf/
/rgfx/fynhta/ftzs/dngwc/ilzsglwnxa/xps/lrqgeyqcr/fuzz/gybz/jkppvqjf/cxba/t/kmuu/roachmduqe/lssba/budqlgav/
/rgfx/fynhta/ftzs/dngwc/ilzsglwnxa/xps/lrqgeyqcr/fuzz/gybz/jkppvqjf/cxba/t/kmuu/roachmduqe/lssba/budqlgav/rzaquhozcj/s/djitdbx/uphwr/ulqynynmhb/wbcozbxqio/mhfk/sestpeeuzp/
