draw
draw
draw
draw
draw
winning
losing
winning
draw
draw
draw
draw
winning
losing
losing
losing
winning
draw
winning
losing
winning
draw
draw
winning
losing
losing
winning
draw
draw
winning
losing
winning
draw
draw
draw
draw
draw
draw
draw
draw
draw
winning
losing
winning
draw
winning
losing
winning
winning
losing
winning
winning
losing
losing
losing
losing
winning
draw
draw
winning
losing
losing
winning
draw
draw
winning
losing
winning
draw
draw
draw
draw
draw
draw
draw
winning
losing
losing
winning
draw
draw
draw
winning
losing
losing
losing
winning
winning
losing
winning
draw
draw
draw
draw
draw
draw
draw
draw
draw
draw
draw
draw
winning
losing
losing
winning
draw
winning
losing
winning
draw
draw
draw
draw
draw
draw
draw
draw
draw
draw
draw
draw
draw
draw
draw
draw
draw
winning
losing
losing
losing
winning
draw
draw
draw
draw
draw
draw
winning
losing
losing
losing
losing
winning
draw
draw
draw
draw
winning
losing
winning
draw
draw
draw
draw
draw
winning
losing
losing
losing
losing
winning
draw
draw
draw
draw
draw
winning
losing
winning
draw
draw
draw
winning
losing
winning
winning
losing
losing
winning
winning
losing
winning
draw
draw
winning
losing
winning
winning
losing
losing
winning
draw
draw
draw
winning
losing
winning
draw
draw
draw
winning
losing
losing
winning
draw
draw
draw
draw
winning
losing
winning
draw
draw
winning
losing
winning
winning
losing
losing
winning
draw
draw
winning
losing
losing
winning
winning
losing
winning
draw
draw
draw
draw
winning
losing
winning
draw
draw
draw
winning
losing
winning
draw
draw
draw
draw
draw
draw
draw
winning
losing
losing
losing
losing
winning
draw
draw
draw
draw
winning
losing
losing
losing
losing
winning
draw
draw
winning
losing
losing
winning
draw
draw
draw
draw
draw
winning
losing
losing
losing
winning
draw
draw
draw
winning
losing
winning
draw
draw
draw
draw
draw
draw
draw
draw
draw
draw
draw
draw
draw
draw
draw
draw
draw
draw
draw
draw
draw
draw
draw
draw
draw
draw
draw
winning
losing
losing
losing
winning
winning
losing
winning
winning
losing
winning
draw
draw
draw
draw
draw
draw
draw
draw
draw
draw
draw
draw
draw
draw
draw
winning
losing
winning
draw
draw
winning
losing
winning
winning
losing
losing
winning
draw
draw
winning
losing
losing
winning
draw
winning
losing
winning
draw
draw
draw
draw
draw
draw
draw
winning
losing
winning
draw
draw
draw
draw
winning
losing
winning
draw
draw
draw
draw
draw
draw
draw
draw
draw
draw
draw
draw
draw
draw
winning
losing
losing
losing
losing
losing
losing
losing
losing
losing
losing
winning
draw
winning
losing
winning
draw
winning
losing
losing
winning
draw
draw
draw
winning
losing
winning
draw
winning
losing
losing
winning
winning
losing
winning
draw
winning
losing
winning
draw
draw
draw
draw
winning
losing
winning
draw
draw
draw
draw
draw
draw
winning
losing
losing
losing
winning
winning
losing
winning
winning
losing
winning
draw
draw
winning
losing
winning
draw
draw
winning
losing
winning
draw
draw
draw
draw
draw
draw
winning
losing
losing
winning
winning
losing
losing
losing
winning
draw
draw
draw
draw
winning
losing
losing
winning
draw
draw
winning
losing
winning
winning
losing
winning
draw
draw
winning
losing
losing
winning
draw
draw
draw
draw
draw
draw
draw
draw
draw
draw
draw
winning
losing
losing
losing
losing
losing
winning
draw
winning
losing
winning
winning
losing
winning
draw
draw
winning
losing
winning
winning
losing
winning
draw
winning
losing
losing
losing
losing
winning
draw
winning
losing
winning
winning
losing
winning
winning
losing
winning
winning
losing
winning
draw
draw
draw
draw
draw
draw
draw
draw
draw
draw
draw
draw
winning
losing
winning
draw
winning
losing
losing
winning
draw
draw
draw
draw
draw
winning
losing
winning
draw
draw
draw
draw
draw
draw
draw
draw
draw
draw
draw
draw
draw
winning
losing
losing
winning
draw
draw
winning
losing
losing
losing
winning
winning
losing
winning
draw
draw
winning
losing
winning
draw
draw
winning
losing
winning
draw
draw
winning
losing
losing
winning
draw
draw
draw
draw
draw
draw
draw
draw
winning
losing
winning
winning
losing
losing
losing
losing
winning
draw
draw
draw
draw
draw
draw
draw
draw
winning
losing
losing
losing
winning
winning
losing
winning
draw
draw
draw
draw
draw
draw
draw
draw
draw
draw
draw
draw
draw
draw
draw
winning
losing
winning
draw
draw
draw
winning
losing
losing
losing
losing
winning
draw
draw
draw
draw
winning
losing
losing
winning
draw
draw
draw
winning
losing
losing
winning
draw
draw
draw
winning
losing
losing
winning
winning
losing
winning
draw
winning
losing
losing
winning
winning
losing
losing
losing
winning
winning
losing
winning
winning
losing
winning
draw
draw
winning
losing
winning
draw
draw
draw
draw
draw
draw
draw
winning
losing
losing
winning
draw
draw
draw
draw
draw
draw
draw
draw
draw
draw
draw
draw
draw
draw
draw
draw
draw
winning
losing
winning
draw
draw
winning
losing
winning
draw
draw
draw
draw
draw
draw
draw
draw
winning
losing
winning
winning
losing
winning
draw
draw
draw
draw
draw
draw
draw
winning
losing
winning
draw
draw
draw
draw
draw
draw
draw
draw
draw
winning
losing
winning
winning
losing
losing
losing
losing
winning
draw
winning
losing
losing
winning
draw
draw
draw
draw
draw
draw
draw
draw
winning
losing
losing
winning
draw
draw
draw
draw
draw
draw
draw
draw
draw
winning
losing
winning
draw
winning
losing
winning
draw
draw
draw
draw
