draw
draw
winning
losing
losing
losing
losing
losing
losing
losing
winning
draw
draw
draw
draw
draw
draw
draw
draw
draw
draw
draw
draw
draw
draw
draw
draw
draw
draw
winning
losing
losing
winning
draw
draw
draw
draw
draw
draw
draw
winning
losing
winning
draw
draw
draw
draw
draw
draw
draw
draw
draw
draw
draw
winning
losing
losing
winning
draw
draw
draw
draw
draw
draw
winning
losing
winning
draw
draw
draw
draw
draw
draw
draw
draw
draw
draw
draw
draw
